2026-06-04 23:14:26,202 INFO o.a.j.u.JMeterUtils: Setting Locale to en_EN
2026-06-04 23:14:26,212 INFO o.a.j.JMeter: Loading user properties from: /opt/homebrew/Cellar/jmeter/5.6.3/libexec/bin/user.properties
2026-06-04 23:14:26,212 INFO o.a.j.JMeter: Loading system properties from: /opt/homebrew/Cellar/jmeter/5.6.3/libexec/bin/system.properties
2026-06-04 23:14:26,214 INFO o.a.j.JMeter: Copyright (c) 1998-2024 The Apache Software Foundation
2026-06-04 23:14:26,215 INFO o.a.j.JMeter: Version 5.6.3
2026-06-04 23:14:26,215 INFO o.a.j.JMeter: java.version=21.0.10
2026-06-04 23:14:26,215 INFO o.a.j.JMeter: java.vm.name=OpenJDK 64-Bit Server VM
2026-06-04 23:14:26,215 INFO o.a.j.JMeter: os.name=Mac OS X
2026-06-04 23:14:26,215 INFO o.a.j.JMeter: os.arch=aarch64
2026-06-04 23:14:26,215 INFO o.a.j.JMeter: os.version=26.5.1
2026-06-04 23:14:26,215 INFO o.a.j.JMeter: file.encoding=UTF-8
2026-06-04 23:14:26,215 INFO o.a.j.JMeter: java.awt.headless=null
2026-06-04 23:14:26,215 INFO o.a.j.JMeter: Max memory     =1073741824
2026-06-04 23:14:26,215 INFO o.a.j.JMeter: Available Processors =12
2026-06-04 23:14:26,219 INFO o.a.j.JMeter: Default Locale=English (EN)
2026-06-04 23:14:26,219 INFO o.a.j.JMeter: JMeter  Locale=English (EN)
2026-06-04 23:14:26,219 INFO o.a.j.JMeter: JMeterHome=/opt/homebrew/Cellar/jmeter/5.6.3/libexec
2026-06-04 23:14:26,219 INFO o.a.j.JMeter: user.dir  =/Users/kkotlyarenko/Documents/ITMO/3 course/ТПО/lab4/jmeter
2026-06-04 23:14:26,219 INFO o.a.j.JMeter: PWD       =/Users/kkotlyarenko/Documents/ITMO/3 course/ТПО/lab4/jmeter
2026-06-04 23:14:26,227 INFO o.a.j.JMeter: IP: 192.168.31.230 Name: Mac.lan FullName: mac.lan
2026-06-04 23:14:26,232 INFO o.a.j.JMeter: Loaded icon properties from org/apache/jmeter/images/icon.properties
2026-06-04 23:14:26,459 INFO o.a.j.JMeterGuiLauncher: Setting LAF to: com.github.weisj.darklaf.DarkLaf:com.github.weisj.darklaf.theme.DarculaTheme
2026-06-04 23:14:27,522 INFO o.a.j.r.ClassFinder: Will scan jar /opt/homebrew/Cellar/jmeter/5.6.3/libexec/lib/ext/jmeter-plugins-manager-1.9.jar with filter ExtendsClassFilter [parents=[interface org.apache.jmeter.gui.action.Command], inner=false, contains=null, notContains=null]. Consider exposing JMeter plugins via META-INF/services, and add JMeter-Skip-Class-Scanning=true manifest attribute so JMeter can skip classfile scanning
2026-06-04 23:14:27,607 INFO o.a.j.r.ClassFinder: Will scan jar /opt/homebrew/Cellar/jmeter/5.6.3/libexec/lib/ext/jmeter-plugins-manager-1.9.jar with filter ExtendsClassFilter [parents=[interface org.apache.jmeter.gui.plugin.MenuCreator], inner=false, contains=null, notContains=null]. Consider exposing JMeter plugins via META-INF/services, and add JMeter-Skip-Class-Scanning=true manifest attribute so JMeter can skip classfile scanning
2026-06-04 23:14:27,655 INFO o.j.r.JARSourceHTTP: Requesting https://jmeter-plugins.org/repo/?installID=mac_os_x-1299a5f79f53c35ba6206bc436437b4d-gui
2026-06-04 23:14:29,023 INFO o.j.r.PluginManager: Plugins Status: [jpgc-plugins-manager=1.9, jmeter-core=5.6.3, jmeter-ftp=5.6.3, jmeter-http=5.6.3, jmeter-jdbc=5.6.3, jmeter-jms=5.6.3, jmeter-junit=5.6.3, jmeter-java=5.6.3, jmeter-ldap=5.6.3, jmeter-mail=5.6.3, jmeter-mongodb=5.6.3, jmeter-native=5.6.3, jmeter-tcp=5.6.3, jmeter-components=5.6.3]
2026-06-04 23:14:29,023 INFO o.j.r.PluginManagerMenuItem: Plugins Manager has upgrades: [jpgc-plugins-manager]
2026-06-04 23:14:30,034 WARN o.j.r.h.StatsReporter: Failed to send repo stats
org.apache.http.conn.ConnectTimeoutException: Connect to jmeter-plugins.org:443 timed out
	at org.apache.http.conn.ssl.SSLSocketFactory.connectSocket(SSLSocketFactory.java:545) ~[httpclient-4.5.14.jar:4.5.14]
	at org.apache.http.conn.ssl.SSLSocketFactory.connectSocket(SSLSocketFactory.java:415) ~[httpclient-4.5.14.jar:4.5.14]
	at org.apache.http.impl.conn.DefaultClientConnectionOperator.openConnection(DefaultClientConnectionOperator.java:180) ~[httpclient-4.5.14.jar:4.5.14]
	at org.apache.http.impl.conn.ManagedClientConnectionImpl.open(ManagedClientConnectionImpl.java:326) ~[httpclient-4.5.14.jar:4.5.14]
	at org.apache.http.impl.client.DefaultRequestDirector.tryConnect(DefaultRequestDirector.java:605) ~[httpclient-4.5.14.jar:4.5.14]
	at org.apache.http.impl.client.DefaultRequestDirector.execute(DefaultRequestDirector.java:440) ~[httpclient-4.5.14.jar:4.5.14]
	at org.apache.http.impl.client.AbstractHttpClient.doExecute(AbstractHttpClient.java:835) ~[httpclient-4.5.14.jar:4.5.14]
	at org.apache.http.impl.client.CloseableHttpClient.execute(CloseableHttpClient.java:83) ~[httpclient-4.5.14.jar:4.5.14]
	at org.apache.http.impl.client.CloseableHttpClient.execute(CloseableHttpClient.java:56) ~[httpclient-4.5.14.jar:4.5.14]
	at org.jmeterplugins.repository.JARSourceHTTP.execute(JARSourceHTTP.java:499) ~[jmeter-plugins-manager-1.9.jar:?]
	at org.jmeterplugins.repository.JARSourceHTTP.execute(JARSourceHTTP.java:494) ~[jmeter-plugins-manager-1.9.jar:?]
	at org.jmeterplugins.repository.JARSourceHTTP.reportStats(JARSourceHTTP.java:451) ~[jmeter-plugins-manager-1.9.jar:?]
	at org.jmeterplugins.repository.http.StatsReporter.run(StatsReporter.java:24) [jmeter-plugins-manager-1.9.jar:?]
2026-06-04 23:14:33,713 INFO o.a.j.s.FileServer: Default base='/Users/kkotlyarenko/Documents/ITMO/3 course/ТПО/lab4/jmeter'
2026-06-04 23:14:33,718 INFO o.a.j.g.a.Load: Loading file: /Users/kkotlyarenko/Documents/ITMO/3 course/ТПО/lab4/jmeter/Stress test.jmx
2026-06-04 23:14:33,718 INFO o.a.j.s.FileServer: Set new base='/Users/kkotlyarenko/Documents/ITMO/3 course/ТПО/lab4/jmeter'
2026-06-04 23:14:33,789 INFO o.a.j.s.SaveService: Testplan (JMX) version: 2.2. Testlog (JTL) version: 2.2
2026-06-04 23:14:33,792 INFO o.a.j.s.SaveService: Using SaveService properties version 5.0
2026-06-04 23:14:33,793 INFO o.a.j.s.SaveService: Using SaveService properties file encoding UTF-8
2026-06-04 23:14:33,793 INFO o.a.j.s.SaveService: Loading file: /Users/kkotlyarenko/Documents/ITMO/3 course/ТПО/lab4/jmeter/Stress test.jmx
2026-06-04 23:14:33,834 INFO o.a.j.p.h.s.HTTPSamplerBase: Parser for text/html is org.apache.jmeter.protocol.http.parser.LagartoBasedHtmlParser
2026-06-04 23:14:33,835 INFO o.a.j.p.h.s.HTTPSamplerBase: Parser for application/xhtml+xml is org.apache.jmeter.protocol.http.parser.LagartoBasedHtmlParser
2026-06-04 23:14:33,835 INFO o.a.j.p.h.s.HTTPSamplerBase: Parser for application/xml is org.apache.jmeter.protocol.http.parser.LagartoBasedHtmlParser
2026-06-04 23:14:33,835 INFO o.a.j.p.h.s.HTTPSamplerBase: Parser for text/xml is org.apache.jmeter.protocol.http.parser.LagartoBasedHtmlParser
2026-06-04 23:14:33,835 INFO o.a.j.p.h.s.HTTPSamplerBase: Parser for text/vnd.wap.wml is org.apache.jmeter.protocol.http.parser.RegexpHTMLParser
2026-06-04 23:14:33,835 INFO o.a.j.p.h.s.HTTPSamplerBase: Parser for text/css is org.apache.jmeter.protocol.http.parser.CssParser
2026-06-04 23:14:33,933 INFO o.a.j.s.SampleResult: Note: Sample TimeStamps are START times
2026-06-04 23:14:33,933 INFO o.a.j.s.SampleResult: sampleresult.default.encoding is set to UTF-8
2026-06-04 23:14:33,933 INFO o.a.j.s.SampleResult: sampleresult.useNanoTime=true
2026-06-04 23:14:33,933 INFO o.a.j.s.SampleResult: sampleresult.nanoThreadSleep=5000
2026-06-04 23:14:33,979 INFO o.a.j.r.ClassFinder: Will scan jar /opt/homebrew/Cellar/jmeter/5.6.3/libexec/lib/ext/jmeter-plugins-manager-1.9.jar with filter ExtendsClassFilter [parents=[interface org.apache.jmeter.visualizers.ResultRenderer], inner=false, contains=null, notContains=null]. Consider exposing JMeter plugins via META-INF/services, and add JMeter-Skip-Class-Scanning=true manifest attribute so JMeter can skip classfile scanning
2026-06-04 23:14:33,988 INFO o.a.j.r.ClassFinder: Will scan jar /opt/homebrew/Cellar/jmeter/5.6.3/libexec/lib/ext/jmeter-plugins-manager-1.9.jar with filter ExtendsClassFilter [parents=[interface org.apache.jmeter.visualizers.RequestView], inner=false, contains=null, notContains=null]. Consider exposing JMeter plugins via META-INF/services, and add JMeter-Skip-Class-Scanning=true manifest attribute so JMeter can skip classfile scanning
2026-06-04 23:14:34,026 INFO o.a.j.r.ClassFinder: Will scan jar /opt/homebrew/Cellar/jmeter/5.6.3/libexec/lib/ext/jmeter-plugins-manager-1.9.jar with filter ExtendsClassFilter [parents=[interface org.apache.jmeter.visualizers.ResultRenderer], inner=false, contains=null, notContains=null]. Consider exposing JMeter plugins via META-INF/services, and add JMeter-Skip-Class-Scanning=true manifest attribute so JMeter can skip classfile scanning
2026-06-04 23:14:34,032 INFO o.a.j.r.ClassFinder: Will scan jar /opt/homebrew/Cellar/jmeter/5.6.3/libexec/lib/ext/jmeter-plugins-manager-1.9.jar with filter ExtendsClassFilter [parents=[interface org.apache.jmeter.visualizers.RequestView], inner=false, contains=null, notContains=null]. Consider exposing JMeter plugins via META-INF/services, and add JMeter-Skip-Class-Scanning=true manifest attribute so JMeter can skip classfile scanning
2026-06-04 23:14:34,054 INFO o.a.j.r.ClassFinder: Will scan jar /opt/homebrew/Cellar/jmeter/5.6.3/libexec/lib/ext/jmeter-plugins-manager-1.9.jar with filter ExtendsClassFilter [parents=[interface org.apache.jmeter.visualizers.ResultRenderer], inner=false, contains=null, notContains=null]. Consider exposing JMeter plugins via META-INF/services, and add JMeter-Skip-Class-Scanning=true manifest attribute so JMeter can skip classfile scanning
2026-06-04 23:14:34,060 INFO o.a.j.r.ClassFinder: Will scan jar /opt/homebrew/Cellar/jmeter/5.6.3/libexec/lib/ext/jmeter-plugins-manager-1.9.jar with filter ExtendsClassFilter [parents=[interface org.apache.jmeter.visualizers.RequestView], inner=false, contains=null, notContains=null]. Consider exposing JMeter plugins via META-INF/services, and add JMeter-Skip-Class-Scanning=true manifest attribute so JMeter can skip classfile scanning
2026-06-04 23:14:34,081 INFO o.a.j.s.FileServer: Set new base='/Users/kkotlyarenko/Documents/ITMO/3 course/ТПО/lab4/jmeter'
2026-06-05 08:18:08,536 INFO o.a.j.g.a.Load: Loading file: /Users/kkotlyarenko/Documents/ITMO/3 course/ТПО/lab4/jmeter/Load test.jmx
2026-06-05 08:18:08,537 INFO o.a.j.s.FileServer: Set new base='/Users/kkotlyarenko/Documents/ITMO/3 course/ТПО/lab4/jmeter'
2026-06-05 08:18:08,537 INFO o.a.j.s.SaveService: Loading file: /Users/kkotlyarenko/Documents/ITMO/3 course/ТПО/lab4/jmeter/Load test.jmx
2026-06-05 08:18:08,611 INFO o.a.j.s.FileServer: Set new base='/Users/kkotlyarenko/Documents/ITMO/3 course/ТПО/lab4/jmeter'
2026-06-05 08:59:55,787 INFO o.a.j.e.StandardJMeterEngine: Running the test!
2026-06-05 08:59:55,788 INFO o.a.j.s.SampleEvent: List of sample_variables: []
2026-06-05 08:59:55,788 INFO o.a.j.s.SampleEvent: List of sample_variables: []
2026-06-05 08:59:55,789 INFO o.a.j.e.u.CompoundVariable: Note: Function class names must contain the string: '.functions.'
2026-06-05 08:59:55,789 INFO o.a.j.e.u.CompoundVariable: Note: Function class names must not contain the string: '.gui.'
2026-06-05 08:59:55,809 INFO o.a.j.r.ClassFinder: Will scan jar /opt/homebrew/Cellar/jmeter/5.6.3/libexec/lib/ext/jmeter-plugins-manager-1.9.jar with filter ExtendsClassFilter [parents=[interface org.apache.jmeter.functions.Function], inner=false, contains=null, notContains=null]. Consider exposing JMeter plugins via META-INF/services, and add JMeter-Skip-Class-Scanning=true manifest attribute so JMeter can skip classfile scanning
2026-06-05 08:59:55,812 INFO o.a.j.g.u.JMeterMenuBar: setRunning(true, *local*)
2026-06-05 08:59:55,846 INFO o.a.j.e.StandardJMeterEngine: Starting ThreadGroup: 1 : Config 1  ($ 1800)
2026-06-05 08:59:55,846 INFO o.a.j.e.StandardJMeterEngine: Starting 9 threads for group Config 1  ($ 1800).
2026-06-05 08:59:55,846 INFO o.a.j.e.StandardJMeterEngine: Thread will continue on error
2026-06-05 08:59:55,846 INFO o.a.j.t.ThreadGroup: Starting thread group... number=1 threads=9 ramp-up=60 delayedStart=false
2026-06-05 08:59:55,848 INFO o.a.j.t.JMeterThread: Thread started: Config 1  ($ 1800) 1-1
2026-06-05 08:59:55,848 INFO o.a.j.t.ThreadGroup: Started thread group number 1
2026-06-05 08:59:55,848 INFO o.a.j.e.StandardJMeterEngine: Starting ThreadGroup: 2 : Config 2 ($ 3300)
2026-06-05 08:59:55,848 INFO o.a.j.e.StandardJMeterEngine: Starting 9 threads for group Config 2 ($ 3300).
2026-06-05 08:59:55,848 INFO o.a.j.e.StandardJMeterEngine: Thread will continue on error
2026-06-05 08:59:55,848 INFO o.a.j.t.ThreadGroup: Starting thread group... number=2 threads=9 ramp-up=60 delayedStart=false
2026-06-05 08:59:55,849 INFO o.a.j.t.JMeterThread: Thread started: Config 2 ($ 3300) 2-1
2026-06-05 08:59:55,850 INFO o.a.j.t.ThreadGroup: Started thread group number 2
2026-06-05 08:59:55,850 INFO o.a.j.e.StandardJMeterEngine: Starting ThreadGroup: 3 : Config 3 ($ 4700)
2026-06-05 08:59:55,850 INFO o.a.j.e.StandardJMeterEngine: Starting 9 threads for group Config 3 ($ 4700).
2026-06-05 08:59:55,850 INFO o.a.j.e.StandardJMeterEngine: Thread will continue on error
2026-06-05 08:59:55,851 INFO o.a.j.t.ThreadGroup: Starting thread group... number=3 threads=9 ramp-up=60 delayedStart=false
2026-06-05 08:59:55,851 INFO o.a.j.t.JMeterThread: Thread started: Config 3 ($ 4700) 3-1
2026-06-05 08:59:55,852 INFO o.a.j.t.ThreadGroup: Started thread group number 3
2026-06-05 08:59:55,852 INFO o.a.j.e.StandardJMeterEngine: All thread groups have been started
2026-06-05 08:59:55,854 INFO o.a.j.p.h.s.HTTPHCAbstractImpl: Local host = Mac.lan
2026-06-05 08:59:55,858 INFO o.a.j.p.h.s.HTTPHC4Impl: HTTP request retry count = 0
2026-06-05 09:00:02,518 INFO o.a.j.t.JMeterThread: Thread started: Config 1  ($ 1800) 1-2
2026-06-05 09:00:02,521 INFO o.a.j.t.JMeterThread: Thread started: Config 2 ($ 3300) 2-2
2026-06-05 09:00:02,524 INFO o.a.j.t.JMeterThread: Thread started: Config 3 ($ 4700) 3-2
2026-06-05 09:00:09,183 INFO o.a.j.t.JMeterThread: Thread started: Config 1  ($ 1800) 1-3
2026-06-05 09:00:09,185 INFO o.a.j.t.JMeterThread: Thread started: Config 2 ($ 3300) 2-3
2026-06-05 09:00:09,191 INFO o.a.j.t.JMeterThread: Thread started: Config 3 ($ 4700) 3-3
2026-06-05 09:00:15,852 INFO o.a.j.t.JMeterThread: Thread started: Config 1  ($ 1800) 1-4
2026-06-05 09:00:15,852 INFO o.a.j.t.JMeterThread: Thread started: Config 2 ($ 3300) 2-4
2026-06-05 09:00:15,855 INFO o.a.j.t.JMeterThread: Thread started: Config 3 ($ 4700) 3-4
2026-06-05 09:00:22,520 INFO o.a.j.t.JMeterThread: Thread started: Config 1  ($ 1800) 1-5
2026-06-05 09:00:22,521 INFO o.a.j.t.JMeterThread: Thread started: Config 2 ($ 3300) 2-5
2026-06-05 09:00:22,524 INFO o.a.j.t.JMeterThread: Thread started: Config 3 ($ 4700) 3-5
2026-06-05 09:00:29,186 INFO o.a.j.t.JMeterThread: Thread started: Config 1  ($ 1800) 1-6
2026-06-05 09:00:29,190 INFO o.a.j.t.JMeterThread: Thread started: Config 3 ($ 4700) 3-6
2026-06-05 09:00:29,190 INFO o.a.j.t.JMeterThread: Thread started: Config 2 ($ 3300) 2-6
2026-06-05 09:00:35,853 INFO o.a.j.t.JMeterThread: Thread started: Config 1  ($ 1800) 1-7
2026-06-05 09:00:35,853 INFO o.a.j.t.JMeterThread: Thread started: Config 2 ($ 3300) 2-7
2026-06-05 09:00:35,859 INFO o.a.j.t.JMeterThread: Thread started: Config 3 ($ 4700) 3-7
2026-06-05 09:00:42,520 INFO o.a.j.t.JMeterThread: Thread started: Config 1  ($ 1800) 1-8
2026-06-05 09:00:42,523 INFO o.a.j.t.JMeterThread: Thread started: Config 2 ($ 3300) 2-8
2026-06-05 09:00:42,525 INFO o.a.j.t.JMeterThread: Thread started: Config 3 ($ 4700) 3-8
2026-06-05 09:00:49,188 INFO o.a.j.t.JMeterThread: Thread started: Config 1  ($ 1800) 1-9
2026-06-05 09:00:49,188 INFO o.a.j.t.JMeterThread: Thread started: Config 2 ($ 3300) 2-9
2026-06-05 09:00:49,188 INFO o.a.j.t.JMeterThread: Thread started: Config 3 ($ 4700) 3-9
2026-06-05 09:03:53,800 INFO o.a.j.g.a.Start: Shutting test down
2026-06-05 09:03:53,827 INFO o.a.j.t.JMeterThread: Stopping: Config 1  ($ 1800) 1-6
2026-06-05 09:03:53,828 INFO o.a.j.t.JMeterThread: Stopping: Config 1  ($ 1800) 1-7
2026-06-05 09:03:53,828 INFO o.a.j.t.JMeterThread: Stopping: Config 1  ($ 1800) 1-3
2026-06-05 09:03:53,828 INFO o.a.j.t.JMeterThread: Stopping: Config 1  ($ 1800) 1-1
2026-06-05 09:03:53,828 INFO o.a.j.t.JMeterThread: Stopping: Config 1  ($ 1800) 1-2
2026-06-05 09:03:53,828 INFO o.a.j.t.JMeterThread: Stopping: Config 1  ($ 1800) 1-9
2026-06-05 09:03:53,828 INFO o.a.j.t.JMeterThread: Stopping: Config 1  ($ 1800) 1-8
2026-06-05 09:03:53,828 INFO o.a.j.t.JMeterThread: Stopping: Config 1  ($ 1800) 1-5
2026-06-05 09:03:53,828 INFO o.a.j.t.JMeterThread: Stopping: Config 1  ($ 1800) 1-4
2026-06-05 09:03:53,828 INFO o.a.j.t.JMeterThread: Stopping: Config 2 ($ 3300) 2-6
2026-06-05 09:03:53,829 INFO o.a.j.t.JMeterThread: Stopping: Config 2 ($ 3300) 2-3
2026-06-05 09:03:53,829 INFO o.a.j.t.JMeterThread: Stopping: Config 2 ($ 3300) 2-4
2026-06-05 09:03:53,829 INFO o.a.j.t.JMeterThread: Stopping: Config 2 ($ 3300) 2-1
2026-06-05 09:03:53,829 INFO o.a.j.t.JMeterThread: Stopping: Config 2 ($ 3300) 2-5
2026-06-05 09:03:53,829 INFO o.a.j.t.JMeterThread: Stopping: Config 2 ($ 3300) 2-9
2026-06-05 09:03:53,829 INFO o.a.j.t.JMeterThread: Stopping: Config 2 ($ 3300) 2-2
2026-06-05 09:03:53,829 INFO o.a.j.t.JMeterThread: Stopping: Config 2 ($ 3300) 2-8
2026-06-05 09:03:53,829 INFO o.a.j.t.JMeterThread: Stopping: Config 2 ($ 3300) 2-7
2026-06-05 09:03:53,829 INFO o.a.j.t.JMeterThread: Stopping: Config 3 ($ 4700) 3-8
2026-06-05 09:03:53,829 INFO o.a.j.t.JMeterThread: Stopping: Config 3 ($ 4700) 3-5
2026-06-05 09:03:53,829 INFO o.a.j.t.JMeterThread: Stopping: Config 3 ($ 4700) 3-6
2026-06-05 09:03:53,829 INFO o.a.j.t.JMeterThread: Stopping: Config 3 ($ 4700) 3-9
2026-06-05 09:03:53,829 INFO o.a.j.t.JMeterThread: Stopping: Config 3 ($ 4700) 3-7
2026-06-05 09:03:53,829 INFO o.a.j.t.JMeterThread: Stopping: Config 3 ($ 4700) 3-3
2026-06-05 09:03:53,829 INFO o.a.j.t.JMeterThread: Stopping: Config 3 ($ 4700) 3-2
2026-06-05 09:03:53,829 INFO o.a.j.t.JMeterThread: Stopping: Config 3 ($ 4700) 3-1
2026-06-05 09:03:53,829 INFO o.a.j.t.JMeterThread: Stopping: Config 3 ($ 4700) 3-4
2026-06-05 09:03:56,730 INFO o.a.j.g.a.Start: Stopping test
2026-06-05 09:03:56,771 INFO o.a.j.t.JMeterThread: Stopping: Config 1  ($ 1800) 1-6
2026-06-05 09:03:56,771 WARN o.a.j.t.JMeterThread: Interrupting: Config 1  ($ 1800) 1-6 sampler: Config 1 ($ 1800)
2026-06-05 09:03:56,775 INFO o.a.j.t.JMeterThread: Stopping: Config 1  ($ 1800) 1-7
2026-06-05 09:03:56,775 WARN o.a.j.t.JMeterThread: Interrupting: Config 1  ($ 1800) 1-7 sampler: Config 1 ($ 1800)
2026-06-05 09:03:56,775 INFO o.a.j.t.JMeterThread: Stopping: Config 1  ($ 1800) 1-3
2026-06-05 09:03:56,775 WARN o.a.j.t.JMeterThread: Interrupting: Config 1  ($ 1800) 1-3 sampler: Config 1 ($ 1800)
2026-06-05 09:03:56,776 INFO o.a.j.t.JMeterThread: Stopping: Config 1  ($ 1800) 1-1
2026-06-05 09:03:56,776 WARN o.a.j.t.JMeterThread: Interrupting: Config 1  ($ 1800) 1-1 sampler: Config 1 ($ 1800)
2026-06-05 09:03:56,776 INFO o.a.j.t.JMeterThread: Thread finished: Config 1  ($ 1800) 1-7
2026-06-05 09:03:56,776 INFO o.a.j.t.JMeterThread: Thread finished: Config 1  ($ 1800) 1-6
2026-06-05 09:03:56,776 INFO o.a.j.t.JMeterThread: Thread finished: Config 1  ($ 1800) 1-3
2026-06-05 09:03:56,776 INFO o.a.j.t.JMeterThread: Stopping: Config 1  ($ 1800) 1-2
2026-06-05 09:03:56,776 WARN o.a.j.t.JMeterThread: Interrupting: Config 1  ($ 1800) 1-2 sampler: Config 1 ($ 1800)
2026-06-05 09:03:56,776 INFO o.a.j.t.JMeterThread: Stopping: Config 1  ($ 1800) 1-9
2026-06-05 09:03:56,776 INFO o.a.j.t.JMeterThread: Thread finished: Config 1  ($ 1800) 1-1
2026-06-05 09:03:56,776 WARN o.a.j.t.JMeterThread: Interrupting: Config 1  ($ 1800) 1-9 sampler: Config 1 ($ 1800)
2026-06-05 09:03:56,776 INFO o.a.j.t.JMeterThread: Stopping: Config 1  ($ 1800) 1-8
2026-06-05 09:03:56,777 WARN o.a.j.t.JMeterThread: Interrupting: Config 1  ($ 1800) 1-8 sampler: Config 1 ($ 1800)
2026-06-05 09:03:56,777 INFO o.a.j.t.JMeterThread: Stopping: Config 1  ($ 1800) 1-5
2026-06-05 09:03:56,777 WARN o.a.j.t.JMeterThread: Interrupting: Config 1  ($ 1800) 1-5 sampler: Config 1 ($ 1800)
2026-06-05 09:03:56,777 INFO o.a.j.t.JMeterThread: Stopping: Config 1  ($ 1800) 1-4
2026-06-05 09:03:56,777 WARN o.a.j.t.JMeterThread: Interrupting: Config 1  ($ 1800) 1-4 sampler: Config 1 ($ 1800)
2026-06-05 09:03:56,777 INFO o.a.j.t.JMeterThread: Thread finished: Config 1  ($ 1800) 1-2
2026-06-05 09:03:56,777 INFO o.a.j.t.JMeterThread: Thread finished: Config 1  ($ 1800) 1-8
2026-06-05 09:03:56,777 INFO o.a.j.t.JMeterThread: Thread finished: Config 1  ($ 1800) 1-9
2026-06-05 09:03:56,777 INFO o.a.j.t.JMeterThread: Stopping: Config 2 ($ 3300) 2-6
2026-06-05 09:03:56,777 INFO o.a.j.t.JMeterThread: Thread finished: Config 1  ($ 1800) 1-5
2026-06-05 09:03:56,778 WARN o.a.j.t.JMeterThread: Interrupting: Config 2 ($ 3300) 2-6 sampler: Config 2 ($ 3300)
2026-06-05 09:03:56,778 INFO o.a.j.t.JMeterThread: Thread finished: Config 1  ($ 1800) 1-4
2026-06-05 09:03:56,778 INFO o.a.j.t.JMeterThread: Stopping: Config 2 ($ 3300) 2-3
2026-06-05 09:03:56,778 WARN o.a.j.t.JMeterThread: Interrupting: Config 2 ($ 3300) 2-3 sampler: Config 2 ($ 3300)
2026-06-05 09:03:56,778 INFO o.a.j.t.JMeterThread: Stopping: Config 2 ($ 3300) 2-4
2026-06-05 09:03:56,778 WARN o.a.j.t.JMeterThread: Interrupting: Config 2 ($ 3300) 2-4 sampler: Config 2 ($ 3300)
2026-06-05 09:03:56,778 INFO o.a.j.t.JMeterThread: Thread finished: Config 2 ($ 3300) 2-6
2026-06-05 09:03:56,778 INFO o.a.j.t.JMeterThread: Stopping: Config 2 ($ 3300) 2-1
2026-06-05 09:03:56,778 WARN o.a.j.t.JMeterThread: Interrupting: Config 2 ($ 3300) 2-1 sampler: Config 2 ($ 3300)
2026-06-05 09:03:56,778 INFO o.a.j.t.JMeterThread: Thread finished: Config 2 ($ 3300) 2-3
2026-06-05 09:03:56,778 INFO o.a.j.t.JMeterThread: Stopping: Config 2 ($ 3300) 2-5
2026-06-05 09:03:56,778 INFO o.a.j.t.JMeterThread: Thread finished: Config 2 ($ 3300) 2-4
2026-06-05 09:03:56,778 WARN o.a.j.t.JMeterThread: Interrupting: Config 2 ($ 3300) 2-5 sampler: Config 2 ($ 3300)
2026-06-05 09:03:56,779 INFO o.a.j.t.JMeterThread: Stopping: Config 2 ($ 3300) 2-9
2026-06-05 09:03:56,779 INFO o.a.j.t.JMeterThread: Thread finished: Config 2 ($ 3300) 2-1
2026-06-05 09:03:56,779 WARN o.a.j.t.JMeterThread: Interrupting: Config 2 ($ 3300) 2-9 sampler: Config 2 ($ 3300)
2026-06-05 09:03:56,779 INFO o.a.j.t.JMeterThread: Thread finished: Config 2 ($ 3300) 2-5
2026-06-05 09:03:56,779 INFO o.a.j.t.JMeterThread: Stopping: Config 2 ($ 3300) 2-2
2026-06-05 09:03:56,779 WARN o.a.j.t.JMeterThread: Interrupting: Config 2 ($ 3300) 2-2 sampler: Config 2 ($ 3300)
2026-06-05 09:03:56,779 INFO o.a.j.t.JMeterThread: Stopping: Config 2 ($ 3300) 2-8
2026-06-05 09:03:56,779 WARN o.a.j.t.JMeterThread: Interrupting: Config 2 ($ 3300) 2-8 sampler: Config 2 ($ 3300)
2026-06-05 09:03:56,779 INFO o.a.j.t.JMeterThread: Thread finished: Config 2 ($ 3300) 2-9
2026-06-05 09:03:56,779 INFO o.a.j.t.JMeterThread: Stopping: Config 2 ($ 3300) 2-7
2026-06-05 09:03:56,779 WARN o.a.j.t.JMeterThread: Interrupting: Config 2 ($ 3300) 2-7 sampler: Config 2 ($ 3300)
2026-06-05 09:03:56,779 INFO o.a.j.t.JMeterThread: Thread finished: Config 2 ($ 3300) 2-2
2026-06-05 09:03:56,779 INFO o.a.j.t.JMeterThread: Thread finished: Config 2 ($ 3300) 2-8
2026-06-05 09:03:56,779 INFO o.a.j.t.JMeterThread: Stopping: Config 3 ($ 4700) 3-8
2026-06-05 09:03:56,779 WARN o.a.j.t.JMeterThread: Interrupting: Config 3 ($ 4700) 3-8 sampler: Config 3 ($ 4700)
2026-06-05 09:03:56,779 INFO o.a.j.t.JMeterThread: Thread finished: Config 2 ($ 3300) 2-7
2026-06-05 09:03:56,779 INFO o.a.j.t.JMeterThread: Stopping: Config 3 ($ 4700) 3-5
2026-06-05 09:03:56,780 WARN o.a.j.t.JMeterThread: Interrupting: Config 3 ($ 4700) 3-5 sampler: Config 3 ($ 4700)
2026-06-05 09:03:56,780 INFO o.a.j.t.JMeterThread: Stopping: Config 3 ($ 4700) 3-6
2026-06-05 09:03:56,780 WARN o.a.j.t.JMeterThread: Interrupting: Config 3 ($ 4700) 3-6 sampler: Config 3 ($ 4700)
2026-06-05 09:03:56,780 INFO o.a.j.t.JMeterThread: Thread finished: Config 3 ($ 4700) 3-8
2026-06-05 09:03:56,780 INFO o.a.j.t.JMeterThread: Thread finished: Config 3 ($ 4700) 3-5
2026-06-05 09:03:56,780 INFO o.a.j.t.JMeterThread: Stopping: Config 3 ($ 4700) 3-9
2026-06-05 09:03:56,780 WARN o.a.j.t.JMeterThread: Interrupting: Config 3 ($ 4700) 3-9 sampler: Config 3 ($ 4700)
2026-06-05 09:03:56,780 INFO o.a.j.t.JMeterThread: Stopping: Config 3 ($ 4700) 3-7
2026-06-05 09:03:56,780 INFO o.a.j.t.JMeterThread: Thread finished: Config 3 ($ 4700) 3-6
2026-06-05 09:03:56,780 WARN o.a.j.t.JMeterThread: Interrupting: Config 3 ($ 4700) 3-7 sampler: Config 3 ($ 4700)
2026-06-05 09:03:56,780 INFO o.a.j.t.JMeterThread: Thread finished: Config 3 ($ 4700) 3-9
2026-06-05 09:03:56,780 INFO o.a.j.t.JMeterThread: Stopping: Config 3 ($ 4700) 3-3
2026-06-05 09:03:56,780 WARN o.a.j.t.JMeterThread: Interrupting: Config 3 ($ 4700) 3-3 sampler: Config 3 ($ 4700)
2026-06-05 09:03:56,780 INFO o.a.j.t.JMeterThread: Thread finished: Config 3 ($ 4700) 3-7
2026-06-05 09:03:56,780 INFO o.a.j.t.JMeterThread: Stopping: Config 3 ($ 4700) 3-2
2026-06-05 09:03:56,781 WARN o.a.j.t.JMeterThread: Interrupting: Config 3 ($ 4700) 3-2 sampler: Config 3 ($ 4700)
2026-06-05 09:03:56,781 INFO o.a.j.t.JMeterThread: Stopping: Config 3 ($ 4700) 3-1
2026-06-05 09:03:56,781 INFO o.a.j.t.JMeterThread: Thread finished: Config 3 ($ 4700) 3-3
2026-06-05 09:03:56,781 WARN o.a.j.t.JMeterThread: Interrupting: Config 3 ($ 4700) 3-1 sampler: Config 3 ($ 4700)
2026-06-05 09:03:56,781 INFO o.a.j.t.JMeterThread: Thread finished: Config 3 ($ 4700) 3-2
2026-06-05 09:03:56,781 INFO o.a.j.t.JMeterThread: Stopping: Config 3 ($ 4700) 3-4
2026-06-05 09:03:56,781 WARN o.a.j.t.JMeterThread: Interrupting: Config 3 ($ 4700) 3-4 sampler: Config 3 ($ 4700)
2026-06-05 09:03:56,781 INFO o.a.j.t.JMeterThread: Thread finished: Config 3 ($ 4700) 3-1
2026-06-05 09:03:56,781 INFO o.a.j.t.JMeterThread: Thread finished: Config 3 ($ 4700) 3-4
2026-06-05 09:03:56,781 INFO o.a.j.e.StandardJMeterEngine: Notifying test listeners of end of test
2026-06-05 09:03:56,781 INFO o.a.j.g.u.JMeterMenuBar: setRunning(false, *local*)
2026-06-05 09:04:53,975 INFO o.a.j.e.StandardJMeterEngine: Running the test!
2026-06-05 09:04:53,976 INFO o.a.j.s.SampleEvent: List of sample_variables: []
2026-06-05 09:04:53,976 INFO o.a.j.g.u.JMeterMenuBar: setRunning(true, *local*)
2026-06-05 09:04:54,020 INFO o.a.j.e.StandardJMeterEngine: Starting ThreadGroup: 1 : Config 3 ($ 4700)
2026-06-05 09:04:54,021 INFO o.a.j.e.StandardJMeterEngine: Starting 9 threads for group Config 3 ($ 4700).
2026-06-05 09:04:54,021 INFO o.a.j.e.StandardJMeterEngine: Thread will continue on error
2026-06-05 09:04:54,021 INFO o.a.j.t.ThreadGroup: Starting thread group... number=1 threads=9 ramp-up=60 delayedStart=false
2026-06-05 09:04:54,021 INFO o.a.j.t.JMeterThread: Thread started: Config 3 ($ 4700) 1-1
2026-06-05 09:04:54,022 INFO o.a.j.t.ThreadGroup: Started thread group number 1
2026-06-05 09:04:54,023 INFO o.a.j.e.StandardJMeterEngine: All thread groups have been started
2026-06-05 09:05:00,693 INFO o.a.j.t.JMeterThread: Thread started: Config 3 ($ 4700) 1-2
2026-06-05 09:05:07,360 INFO o.a.j.t.JMeterThread: Thread started: Config 3 ($ 4700) 1-3
2026-06-05 09:05:14,023 INFO o.a.j.t.JMeterThread: Thread started: Config 3 ($ 4700) 1-4
2026-06-05 09:05:20,693 INFO o.a.j.t.JMeterThread: Thread started: Config 3 ($ 4700) 1-5
2026-06-05 09:05:26,133 INFO o.a.j.g.a.Start: Stopping test
2026-06-05 09:05:26,166 INFO o.a.j.t.JMeterThread: Stopping: Config 3 ($ 4700) 1-5
2026-06-05 09:05:26,167 INFO o.a.j.t.JMeterThread: Stopping: Config 3 ($ 4700) 1-3
2026-06-05 09:05:26,167 INFO o.a.j.t.JMeterThread: Stopping: Config 3 ($ 4700) 1-6
2026-06-05 09:05:26,167 WARN o.a.j.t.JMeterThread: The delay timer was interrupted - probably did not wait as long as intended.
2026-06-05 09:05:26,167 WARN o.a.j.t.JMeterThread: The delay timer was interrupted - probably did not wait as long as intended.
2026-06-05 09:05:26,167 INFO o.a.j.t.JMeterThread: Stopping: Config 3 ($ 4700) 1-8
2026-06-05 09:05:26,167 INFO o.a.j.t.JMeterThread: Thread started: Config 3 ($ 4700) 1-6
2026-06-05 09:05:26,167 INFO o.a.j.t.JMeterThread: Thread finished: Config 3 ($ 4700) 1-3
2026-06-05 09:05:26,167 INFO o.a.j.t.JMeterThread: Stopping: Config 3 ($ 4700) 1-9
2026-06-05 09:05:26,167 INFO o.a.j.t.JMeterThread: Thread finished: Config 3 ($ 4700) 1-5
2026-06-05 09:05:26,167 INFO o.a.j.t.JMeterThread: Thread finished: Config 3 ($ 4700) 1-6
2026-06-05 09:05:26,167 INFO o.a.j.t.JMeterThread: Stopping: Config 3 ($ 4700) 1-1
2026-06-05 09:05:26,167 INFO o.a.j.t.JMeterThread: Thread started: Config 3 ($ 4700) 1-8
2026-06-05 09:05:26,167 INFO o.a.j.t.JMeterThread: Stopping: Config 3 ($ 4700) 1-4
2026-06-05 09:05:26,167 INFO o.a.j.t.JMeterThread: Thread started: Config 3 ($ 4700) 1-9
2026-06-05 09:05:26,167 WARN o.a.j.t.JMeterThread: The delay timer was interrupted - probably did not wait as long as intended.
2026-06-05 09:05:26,167 WARN o.a.j.t.JMeterThread: Interrupting: Config 3 ($ 4700) 1-4 sampler: Config 3 ($ 4700)
2026-06-05 09:05:26,167 INFO o.a.j.t.JMeterThread: Thread finished: Config 3 ($ 4700) 1-8
2026-06-05 09:05:26,168 INFO o.a.j.t.JMeterThread: Thread finished: Config 3 ($ 4700) 1-1
2026-06-05 09:05:26,168 INFO o.a.j.t.JMeterThread: Thread finished: Config 3 ($ 4700) 1-9
2026-06-05 09:05:26,168 INFO o.a.j.t.JMeterThread: Stopping: Config 3 ($ 4700) 1-2
2026-06-05 09:05:26,168 INFO o.a.j.t.JMeterThread: Stopping: Config 3 ($ 4700) 1-7
2026-06-05 09:05:26,168 WARN o.a.j.t.JMeterThread: The delay timer was interrupted - probably did not wait as long as intended.
2026-06-05 09:05:26,168 INFO o.a.j.t.JMeterThread: Thread started: Config 3 ($ 4700) 1-7
2026-06-05 09:05:26,168 INFO o.a.j.t.JMeterThread: Thread finished: Config 3 ($ 4700) 1-2
2026-06-05 09:05:26,168 INFO o.a.j.t.JMeterThread: Thread finished: Config 3 ($ 4700) 1-7
2026-06-05 09:05:26,169 INFO o.a.j.t.JMeterThread: Thread finished: Config 3 ($ 4700) 1-4
2026-06-05 09:05:26,169 INFO o.a.j.e.StandardJMeterEngine: Notifying test listeners of end of test
2026-06-05 09:05:26,169 INFO o.a.j.g.u.JMeterMenuBar: setRunning(false, *local*)
2026-06-05 09:05:34,002 INFO o.a.j.g.a.Load: Loading file: /Users/kkotlyarenko/Documents/ITMO/3 course/ТПО/lab4/jmeter/Stress test.jmx
2026-06-05 09:05:34,003 INFO o.a.j.s.FileServer: Set new base='/Users/kkotlyarenko/Documents/ITMO/3 course/ТПО/lab4/jmeter'
2026-06-05 09:05:34,003 INFO o.a.j.s.SaveService: Loading file: /Users/kkotlyarenko/Documents/ITMO/3 course/ТПО/lab4/jmeter/Stress test.jmx
2026-06-05 09:05:34,023 INFO o.a.j.r.ClassFinder: Will scan jar /opt/homebrew/Cellar/jmeter/5.6.3/libexec/lib/ext/jmeter-plugins-manager-1.9.jar with filter ExtendsClassFilter [parents=[interface org.apache.jmeter.visualizers.ResultRenderer], inner=false, contains=null, notContains=null]. Consider exposing JMeter plugins via META-INF/services, and add JMeter-Skip-Class-Scanning=true manifest attribute so JMeter can skip classfile scanning
2026-06-05 09:05:34,031 INFO o.a.j.r.ClassFinder: Will scan jar /opt/homebrew/Cellar/jmeter/5.6.3/libexec/lib/ext/jmeter-plugins-manager-1.9.jar with filter ExtendsClassFilter [parents=[interface org.apache.jmeter.visualizers.RequestView], inner=false, contains=null, notContains=null]. Consider exposing JMeter plugins via META-INF/services, and add JMeter-Skip-Class-Scanning=true manifest attribute so JMeter can skip classfile scanning
2026-06-05 09:05:34,055 INFO o.a.j.r.ClassFinder: Will scan jar /opt/homebrew/Cellar/jmeter/5.6.3/libexec/lib/ext/jmeter-plugins-manager-1.9.jar with filter ExtendsClassFilter [parents=[interface org.apache.jmeter.visualizers.ResultRenderer], inner=false, contains=null, notContains=null]. Consider exposing JMeter plugins via META-INF/services, and add JMeter-Skip-Class-Scanning=true manifest attribute so JMeter can skip classfile scanning
2026-06-05 09:05:34,060 INFO o.a.j.r.ClassFinder: Will scan jar /opt/homebrew/Cellar/jmeter/5.6.3/libexec/lib/ext/jmeter-plugins-manager-1.9.jar with filter ExtendsClassFilter [parents=[interface org.apache.jmeter.visualizers.RequestView], inner=false, contains=null, notContains=null]. Consider exposing JMeter plugins via META-INF/services, and add JMeter-Skip-Class-Scanning=true manifest attribute so JMeter can skip classfile scanning
2026-06-05 09:05:34,075 INFO o.a.j.r.ClassFinder: Will scan jar /opt/homebrew/Cellar/jmeter/5.6.3/libexec/lib/ext/jmeter-plugins-manager-1.9.jar with filter ExtendsClassFilter [parents=[interface org.apache.jmeter.visualizers.ResultRenderer], inner=false, contains=null, notContains=null]. Consider exposing JMeter plugins via META-INF/services, and add JMeter-Skip-Class-Scanning=true manifest attribute so JMeter can skip classfile scanning
2026-06-05 09:05:34,080 INFO o.a.j.r.ClassFinder: Will scan jar /opt/homebrew/Cellar/jmeter/5.6.3/libexec/lib/ext/jmeter-plugins-manager-1.9.jar with filter ExtendsClassFilter [parents=[interface org.apache.jmeter.visualizers.RequestView], inner=false, contains=null, notContains=null]. Consider exposing JMeter plugins via META-INF/services, and add JMeter-Skip-Class-Scanning=true manifest attribute so JMeter can skip classfile scanning
2026-06-05 09:05:34,094 INFO o.a.j.s.FileServer: Set new base='/Users/kkotlyarenko/Documents/ITMO/3 course/ТПО/lab4/jmeter'
2026-06-05 09:06:32,772 INFO o.a.j.e.StandardJMeterEngine: Running the test!
2026-06-05 09:06:32,772 INFO o.a.j.s.SampleEvent: List of sample_variables: []
2026-06-05 09:06:32,773 INFO o.a.j.g.u.JMeterMenuBar: setRunning(true, *local*)
2026-06-05 09:06:32,810 INFO o.a.j.e.StandardJMeterEngine: Starting ThreadGroup: 1 : Config 3: Exp1
2026-06-05 09:06:32,810 INFO o.a.j.e.StandardJMeterEngine: Starting 100 threads for group Config 3: Exp1.
2026-06-05 09:06:32,810 INFO o.a.j.e.StandardJMeterEngine: Thread will continue on error
2026-06-05 09:06:32,810 INFO o.a.j.t.ThreadGroup: Starting thread group... number=1 threads=100 ramp-up=100 delayedStart=false
2026-06-05 09:06:32,811 INFO o.a.j.t.JMeterThread: Thread started: Config 3: Exp1 1-1
2026-06-05 09:06:32,819 INFO o.a.j.t.ThreadGroup: Started thread group number 1
2026-06-05 09:06:32,819 INFO o.a.j.e.StandardJMeterEngine: All thread groups have been started
2026-06-05 09:06:33,812 INFO o.a.j.t.JMeterThread: Thread started: Config 3: Exp1 1-2
2026-06-05 09:06:34,813 INFO o.a.j.t.JMeterThread: Thread started: Config 3: Exp1 1-3
2026-06-05 09:06:35,814 INFO o.a.j.t.JMeterThread: Thread started: Config 3: Exp1 1-4
2026-06-05 09:06:36,815 INFO o.a.j.t.JMeterThread: Thread started: Config 3: Exp1 1-5
2026-06-05 09:06:37,815 INFO o.a.j.t.JMeterThread: Thread started: Config 3: Exp1 1-6
2026-06-05 09:06:38,815 INFO o.a.j.t.JMeterThread: Thread started: Config 3: Exp1 1-7
2026-06-05 09:06:39,815 INFO o.a.j.t.JMeterThread: Thread started: Config 3: Exp1 1-8
2026-06-05 09:06:40,815 INFO o.a.j.t.JMeterThread: Thread started: Config 3: Exp1 1-9
2026-06-05 09:06:41,813 INFO o.a.j.t.JMeterThread: Thread started: Config 3: Exp1 1-10
2026-06-05 09:06:42,814 INFO o.a.j.t.JMeterThread: Thread started: Config 3: Exp1 1-11
2026-06-05 09:06:43,815 INFO o.a.j.t.JMeterThread: Thread started: Config 3: Exp1 1-12
2026-06-05 09:06:44,813 INFO o.a.j.t.JMeterThread: Thread started: Config 3: Exp1 1-13
2026-06-05 09:06:45,815 INFO o.a.j.t.JMeterThread: Thread started: Config 3: Exp1 1-14
2026-06-05 09:06:46,811 INFO o.a.j.t.JMeterThread: Thread started: Config 3: Exp1 1-15
2026-06-05 09:06:47,815 INFO o.a.j.t.JMeterThread: Thread started: Config 3: Exp1 1-16
2026-06-05 09:06:48,815 INFO o.a.j.t.JMeterThread: Thread started: Config 3: Exp1 1-17
2026-06-05 09:06:49,815 INFO o.a.j.t.JMeterThread: Thread started: Config 3: Exp1 1-18
2026-06-05 09:06:50,814 INFO o.a.j.t.JMeterThread: Thread started: Config 3: Exp1 1-19
2026-06-05 09:06:51,816 INFO o.a.j.t.JMeterThread: Thread started: Config 3: Exp1 1-20
2026-06-05 09:06:52,814 INFO o.a.j.t.JMeterThread: Thread started: Config 3: Exp1 1-21
2026-06-05 09:06:53,810 INFO o.a.j.t.JMeterThread: Thread started: Config 3: Exp1 1-22
2026-06-05 09:06:54,815 INFO o.a.j.t.JMeterThread: Thread started: Config 3: Exp1 1-23
2026-06-05 09:06:55,815 INFO o.a.j.t.JMeterThread: Thread started: Config 3: Exp1 1-24
2026-06-05 09:06:56,815 INFO o.a.j.t.JMeterThread: Thread started: Config 3: Exp1 1-25
2026-06-05 09:06:57,815 INFO o.a.j.t.JMeterThread: Thread started: Config 3: Exp1 1-26
2026-06-05 09:06:58,811 INFO o.a.j.t.JMeterThread: Thread started: Config 3: Exp1 1-27
2026-06-05 09:06:59,813 INFO o.a.j.t.JMeterThread: Thread started: Config 3: Exp1 1-28
2026-06-05 09:07:00,813 INFO o.a.j.t.JMeterThread: Thread started: Config 3: Exp1 1-29
2026-06-05 09:07:01,812 INFO o.a.j.t.JMeterThread: Thread started: Config 3: Exp1 1-30
2026-06-05 09:07:02,814 INFO o.a.j.t.JMeterThread: Thread started: Config 3: Exp1 1-31
2026-06-05 09:07:03,810 INFO o.a.j.t.JMeterThread: Thread started: Config 3: Exp1 1-32
2026-06-05 09:07:04,814 INFO o.a.j.t.JMeterThread: Thread started: Config 3: Exp1 1-33
2026-06-05 09:07:05,813 INFO o.a.j.t.JMeterThread: Thread started: Config 3: Exp1 1-34
2026-06-05 09:07:06,815 INFO o.a.j.t.JMeterThread: Thread started: Config 3: Exp1 1-35
2026-06-05 09:07:07,815 INFO o.a.j.t.JMeterThread: Thread started: Config 3: Exp1 1-36
2026-06-05 09:07:08,815 INFO o.a.j.t.JMeterThread: Thread started: Config 3: Exp1 1-37
2026-06-05 09:07:09,814 INFO o.a.j.t.JMeterThread: Thread started: Config 3: Exp1 1-38
2026-06-05 09:07:10,815 INFO o.a.j.t.JMeterThread: Thread started: Config 3: Exp1 1-39
2026-06-05 09:07:11,815 INFO o.a.j.t.JMeterThread: Thread started: Config 3: Exp1 1-40
2026-06-05 09:07:12,815 INFO o.a.j.t.JMeterThread: Thread started: Config 3: Exp1 1-41
2026-06-05 09:07:13,812 INFO o.a.j.t.JMeterThread: Thread started: Config 3: Exp1 1-42
2026-06-05 09:07:14,816 INFO o.a.j.t.JMeterThread: Thread started: Config 3: Exp1 1-43
2026-06-05 09:07:15,812 INFO o.a.j.t.JMeterThread: Thread started: Config 3: Exp1 1-44
2026-06-05 09:07:16,815 INFO o.a.j.t.JMeterThread: Thread started: Config 3: Exp1 1-45
2026-06-05 09:07:17,811 INFO o.a.j.t.JMeterThread: Thread started: Config 3: Exp1 1-46
2026-06-05 09:07:18,816 INFO o.a.j.t.JMeterThread: Thread started: Config 3: Exp1 1-47
2026-06-05 09:07:19,815 INFO o.a.j.t.JMeterThread: Thread started: Config 3: Exp1 1-48
2026-06-05 09:07:20,815 INFO o.a.j.t.JMeterThread: Thread started: Config 3: Exp1 1-49
2026-06-05 09:07:21,815 INFO o.a.j.t.JMeterThread: Thread started: Config 3: Exp1 1-50
2026-06-05 09:07:22,815 INFO o.a.j.t.JMeterThread: Thread started: Config 3: Exp1 1-51
2026-06-05 09:07:23,815 INFO o.a.j.t.JMeterThread: Thread started: Config 3: Exp1 1-52
2026-06-05 09:07:24,816 INFO o.a.j.t.JMeterThread: Thread started: Config 3: Exp1 1-53
2026-06-05 09:07:25,814 INFO o.a.j.t.JMeterThread: Thread started: Config 3: Exp1 1-54
2026-06-05 09:07:26,206 INFO o.a.j.g.a.Start: Stopping test
2026-06-05 09:07:26,241 INFO o.a.j.t.JMeterThread: Stopping: Config 3: Exp1 1-8
2026-06-05 09:07:26,241 WARN o.a.j.t.JMeterThread: Interrupting: Config 3: Exp1 1-8 sampler: HTTP Request
2026-06-05 09:07:26,242 INFO o.a.j.t.JMeterThread: Stopping: Config 3: Exp1 1-25
2026-06-05 09:07:26,242 WARN o.a.j.t.JMeterThread: Interrupting: Config 3: Exp1 1-25 sampler: HTTP Request
2026-06-05 09:07:26,242 INFO o.a.j.t.JMeterThread: Stopping: Config 3: Exp1 1-20
2026-06-05 09:07:26,242 INFO o.a.j.t.JMeterThread: Stopping: Config 3: Exp1 1-11
2026-06-05 09:07:26,242 WARN o.a.j.t.JMeterThread: Interrupting: Config 3: Exp1 1-11 sampler: HTTP Request
2026-06-05 09:07:26,242 WARN o.a.j.t.JMeterThread: The delay timer was interrupted - probably did not wait as long as intended.
2026-06-05 09:07:26,243 INFO o.a.j.t.JMeterThread: Thread finished: Config 3: Exp1 1-20
2026-06-05 09:07:26,243 INFO o.a.j.t.JMeterThread: Thread finished: Config 3: Exp1 1-25
2026-06-05 09:07:26,243 INFO o.a.j.t.JMeterThread: Stopping: Config 3: Exp1 1-86
2026-06-05 09:07:26,243 INFO o.a.j.t.JMeterThread: Thread finished: Config 3: Exp1 1-8
2026-06-05 09:07:26,243 INFO o.a.j.t.JMeterThread: Stopping: Config 3: Exp1 1-39
2026-06-05 09:07:26,243 INFO o.a.j.t.JMeterThread: Thread started: Config 3: Exp1 1-86
2026-06-05 09:07:26,243 INFO o.a.j.t.JMeterThread: Thread finished: Config 3: Exp1 1-11
2026-06-05 09:07:26,243 WARN o.a.j.t.JMeterThread: Interrupting: Config 3: Exp1 1-39 sampler: HTTP Request
2026-06-05 09:07:26,243 INFO o.a.j.t.JMeterThread: Thread finished: Config 3: Exp1 1-86
2026-06-05 09:07:26,243 INFO o.a.j.t.JMeterThread: Stopping: Config 3: Exp1 1-41
2026-06-05 09:07:26,244 WARN o.a.j.t.JMeterThread: Interrupting: Config 3: Exp1 1-41 sampler: HTTP Request
2026-06-05 09:07:26,244 INFO o.a.j.t.JMeterThread: Thread finished: Config 3: Exp1 1-39
2026-06-05 09:07:26,244 INFO o.a.j.t.JMeterThread: Stopping: Config 3: Exp1 1-12
2026-06-05 09:07:26,244 WARN o.a.j.t.JMeterThread: Interrupting: Config 3: Exp1 1-12 sampler: HTTP Request
2026-06-05 09:07:26,244 INFO o.a.j.t.JMeterThread: Stopping: Config 3: Exp1 1-70
2026-06-05 09:07:26,244 INFO o.a.j.t.JMeterThread: Thread finished: Config 3: Exp1 1-41
2026-06-05 09:07:26,244 INFO o.a.j.t.JMeterThread: Thread finished: Config 3: Exp1 1-12
2026-06-05 09:07:26,244 INFO o.a.j.t.JMeterThread: Stopping: Config 3: Exp1 1-35
2026-06-05 09:07:26,244 INFO o.a.j.t.JMeterThread: Thread started: Config 3: Exp1 1-70
2026-06-05 09:07:26,244 WARN o.a.j.t.JMeterThread: Interrupting: Config 3: Exp1 1-35 sampler: HTTP Request
2026-06-05 09:07:26,244 INFO o.a.j.t.JMeterThread: Thread finished: Config 3: Exp1 1-70
2026-06-05 09:07:26,244 INFO o.a.j.t.JMeterThread: Stopping: Config 3: Exp1 1-46
2026-06-05 09:07:26,245 WARN o.a.j.t.JMeterThread: Interrupting: Config 3: Exp1 1-46 sampler: HTTP Request
2026-06-05 09:07:26,245 INFO o.a.j.t.JMeterThread: Thread finished: Config 3: Exp1 1-35
2026-06-05 09:07:26,245 INFO o.a.j.t.JMeterThread: Stopping: Config 3: Exp1 1-29
2026-06-05 09:07:26,245 WARN o.a.j.t.JMeterThread: Interrupting: Config 3: Exp1 1-29 sampler: HTTP Request
2026-06-05 09:07:26,245 INFO o.a.j.t.JMeterThread: Thread finished: Config 3: Exp1 1-46
2026-06-05 09:07:26,245 INFO o.a.j.t.JMeterThread: Stopping: Config 3: Exp1 1-88
2026-06-05 09:07:26,245 INFO o.a.j.t.JMeterThread: Stopping: Config 3: Exp1 1-49
2026-06-05 09:07:26,245 WARN o.a.j.t.JMeterThread: Interrupting: Config 3: Exp1 1-49 sampler: HTTP Request
2026-06-05 09:07:26,245 INFO o.a.j.t.JMeterThread: Thread finished: Config 3: Exp1 1-29
2026-06-05 09:07:26,245 INFO o.a.j.t.JMeterThread: Thread started: Config 3: Exp1 1-88
2026-06-05 09:07:26,245 INFO o.a.j.t.JMeterThread: Stopping: Config 3: Exp1 1-97
2026-06-05 09:07:26,245 INFO o.a.j.t.JMeterThread: Thread finished: Config 3: Exp1 1-88
2026-06-05 09:07:26,245 INFO o.a.j.t.JMeterThread: Stopping: Config 3: Exp1 1-73
2026-06-05 09:07:26,245 INFO o.a.j.t.JMeterThread: Thread started: Config 3: Exp1 1-97
2026-06-05 09:07:26,245 INFO o.a.j.t.JMeterThread: Stopping: Config 3: Exp1 1-61
2026-06-05 09:07:26,245 INFO o.a.j.t.JMeterThread: Thread finished: Config 3: Exp1 1-49
2026-06-05 09:07:26,245 INFO o.a.j.t.JMeterThread: Thread finished: Config 3: Exp1 1-97
2026-06-05 09:07:26,245 INFO o.a.j.t.JMeterThread: Thread started: Config 3: Exp1 1-73
2026-06-05 09:07:26,245 INFO o.a.j.t.JMeterThread: Stopping: Config 3: Exp1 1-47
2026-06-05 09:07:26,245 INFO o.a.j.t.JMeterThread: Thread finished: Config 3: Exp1 1-73
2026-06-05 09:07:26,245 WARN o.a.j.t.JMeterThread: The delay timer was interrupted - probably did not wait as long as intended.
2026-06-05 09:07:26,245 INFO o.a.j.t.JMeterThread: Stopping: Config 3: Exp1 1-54
2026-06-05 09:07:26,245 INFO o.a.j.t.JMeterThread: Thread started: Config 3: Exp1 1-61
2026-06-05 09:07:26,245 INFO o.a.j.t.JMeterThread: Thread finished: Config 3: Exp1 1-47
2026-06-05 09:07:26,245 WARN o.a.j.t.JMeterThread: Interrupting: Config 3: Exp1 1-54 sampler: HTTP Request
2026-06-05 09:07:26,245 INFO o.a.j.t.JMeterThread: Thread finished: Config 3: Exp1 1-61
2026-06-05 09:07:26,246 INFO o.a.j.t.JMeterThread: Stopping: Config 3: Exp1 1-6
2026-06-05 09:07:26,246 WARN o.a.j.t.JMeterThread: Interrupting: Config 3: Exp1 1-6 sampler: HTTP Request
2026-06-05 09:07:26,246 INFO o.a.j.t.JMeterThread: Thread finished: Config 3: Exp1 1-54
2026-06-05 09:07:26,246 INFO o.a.j.t.JMeterThread: Stopping: Config 3: Exp1 1-99
2026-06-05 09:07:26,246 INFO o.a.j.t.JMeterThread: Stopping: Config 3: Exp1 1-77
2026-06-05 09:07:26,246 INFO o.a.j.t.JMeterThread: Stopping: Config 3: Exp1 1-62
2026-06-05 09:07:26,246 INFO o.a.j.t.JMeterThread: Stopping: Config 3: Exp1 1-56
2026-06-05 09:07:26,246 INFO o.a.j.t.JMeterThread: Thread finished: Config 3: Exp1 1-6
2026-06-05 09:07:26,246 INFO o.a.j.t.JMeterThread: Thread started: Config 3: Exp1 1-99
2026-06-05 09:07:26,246 INFO o.a.j.t.JMeterThread: Stopping: Config 3: Exp1 1-28
2026-06-05 09:07:26,246 INFO o.a.j.t.JMeterThread: Thread finished: Config 3: Exp1 1-99
2026-06-05 09:07:26,246 INFO o.a.j.t.JMeterThread: Thread started: Config 3: Exp1 1-77
2026-06-05 09:07:26,246 WARN o.a.j.t.JMeterThread: Interrupting: Config 3: Exp1 1-28 sampler: HTTP Request
2026-06-05 09:07:26,246 INFO o.a.j.t.JMeterThread: Thread started: Config 3: Exp1 1-62
2026-06-05 09:07:26,246 INFO o.a.j.t.JMeterThread: Thread started: Config 3: Exp1 1-56
2026-06-05 09:07:26,246 INFO o.a.j.t.JMeterThread: Thread finished: Config 3: Exp1 1-77
2026-06-05 09:07:26,246 INFO o.a.j.t.JMeterThread: Thread finished: Config 3: Exp1 1-56
2026-06-05 09:07:26,246 INFO o.a.j.t.JMeterThread: Stopping: Config 3: Exp1 1-91
2026-06-05 09:07:26,246 INFO o.a.j.t.JMeterThread: Thread finished: Config 3: Exp1 1-62
2026-06-05 09:07:26,246 INFO o.a.j.t.JMeterThread: Stopping: Config 3: Exp1 1-78
2026-06-05 09:07:26,246 INFO o.a.j.t.JMeterThread: Stopping: Config 3: Exp1 1-93
2026-06-05 09:07:26,246 INFO o.a.j.t.JMeterThread: Thread started: Config 3: Exp1 1-91
2026-06-05 09:07:26,246 INFO o.a.j.t.JMeterThread: Thread finished: Config 3: Exp1 1-28
2026-06-05 09:07:26,246 INFO o.a.j.t.JMeterThread: Stopping: Config 3: Exp1 1-40
2026-06-05 09:07:26,246 INFO o.a.j.t.JMeterThread: Thread finished: Config 3: Exp1 1-91
2026-06-05 09:07:26,246 INFO o.a.j.t.JMeterThread: Thread started: Config 3: Exp1 1-93
2026-06-05 09:07:26,246 INFO o.a.j.t.JMeterThread: Thread started: Config 3: Exp1 1-78
2026-06-05 09:07:26,246 WARN o.a.j.t.JMeterThread: Interrupting: Config 3: Exp1 1-40 sampler: HTTP Request
2026-06-05 09:07:26,246 INFO o.a.j.t.JMeterThread: Thread finished: Config 3: Exp1 1-93
2026-06-05 09:07:26,246 INFO o.a.j.t.JMeterThread: Thread finished: Config 3: Exp1 1-78
2026-06-05 09:07:26,246 INFO o.a.j.t.JMeterThread: Stopping: Config 3: Exp1 1-22
2026-06-05 09:07:26,246 WARN o.a.j.t.JMeterThread: Interrupting: Config 3: Exp1 1-22 sampler: HTTP Request
2026-06-05 09:07:26,246 INFO o.a.j.t.JMeterThread: Thread finished: Config 3: Exp1 1-40
2026-06-05 09:07:26,246 INFO o.a.j.t.JMeterThread: Stopping: Config 3: Exp1 1-67
2026-06-05 09:07:26,247 INFO o.a.j.t.JMeterThread: Stopping: Config 3: Exp1 1-81
2026-06-05 09:07:26,247 INFO o.a.j.t.JMeterThread: Stopping: Config 3: Exp1 1-14
2026-06-05 09:07:26,247 INFO o.a.j.t.JMeterThread: Thread started: Config 3: Exp1 1-67
2026-06-05 09:07:26,247 WARN o.a.j.t.JMeterThread: Interrupting: Config 3: Exp1 1-14 sampler: HTTP Request
2026-06-05 09:07:26,247 INFO o.a.j.t.JMeterThread: Thread finished: Config 3: Exp1 1-22
2026-06-05 09:07:26,247 INFO o.a.j.t.JMeterThread: Thread started: Config 3: Exp1 1-81
2026-06-05 09:07:26,247 INFO o.a.j.t.JMeterThread: Thread finished: Config 3: Exp1 1-67
2026-06-05 09:07:26,247 INFO o.a.j.t.JMeterThread: Thread finished: Config 3: Exp1 1-81
2026-06-05 09:07:26,247 INFO o.a.j.t.JMeterThread: Stopping: Config 3: Exp1 1-45
2026-06-05 09:07:26,247 WARN o.a.j.t.JMeterThread: Interrupting: Config 3: Exp1 1-45 sampler: HTTP Request
2026-06-05 09:07:26,247 INFO o.a.j.t.JMeterThread: Thread finished: Config 3: Exp1 1-14
2026-06-05 09:07:26,247 INFO o.a.j.t.JMeterThread: Stopping: Config 3: Exp1 1-90
2026-06-05 09:07:26,247 INFO o.a.j.t.JMeterThread: Stopping: Config 3: Exp1 1-36
2026-06-05 09:07:26,247 WARN o.a.j.t.JMeterThread: Interrupting: Config 3: Exp1 1-36 sampler: HTTP Request
2026-06-05 09:07:26,247 INFO o.a.j.t.JMeterThread: Thread started: Config 3: Exp1 1-90
2026-06-05 09:07:26,247 INFO o.a.j.t.JMeterThread: Thread finished: Config 3: Exp1 1-45
2026-06-05 09:07:26,247 INFO o.a.j.t.JMeterThread: Thread finished: Config 3: Exp1 1-90
2026-06-05 09:07:26,247 INFO o.a.j.t.JMeterThread: Stopping: Config 3: Exp1 1-18
2026-06-05 09:07:26,247 WARN o.a.j.t.JMeterThread: Interrupting: Config 3: Exp1 1-18 sampler: HTTP Request
2026-06-05 09:07:26,247 INFO o.a.j.t.JMeterThread: Thread finished: Config 3: Exp1 1-36
2026-06-05 09:07:26,247 INFO o.a.j.t.JMeterThread: Stopping: Config 3: Exp1 1-64
2026-06-05 09:07:26,247 INFO o.a.j.t.JMeterThread: Stopping: Config 3: Exp1 1-44
2026-06-05 09:07:26,247 WARN o.a.j.t.JMeterThread: Interrupting: Config 3: Exp1 1-44 sampler: HTTP Request
2026-06-05 09:07:26,247 INFO o.a.j.t.JMeterThread: Thread started: Config 3: Exp1 1-64
2026-06-05 09:07:26,247 INFO o.a.j.t.JMeterThread: Thread finished: Config 3: Exp1 1-18
2026-06-05 09:07:26,247 INFO o.a.j.t.JMeterThread: Thread finished: Config 3: Exp1 1-64
2026-06-05 09:07:26,247 INFO o.a.j.t.JMeterThread: Stopping: Config 3: Exp1 1-58
2026-06-05 09:07:26,247 INFO o.a.j.t.JMeterThread: Stopping: Config 3: Exp1 1-59
2026-06-05 09:07:26,247 INFO o.a.j.t.JMeterThread: Thread started: Config 3: Exp1 1-58
2026-06-05 09:07:26,247 INFO o.a.j.t.JMeterThread: Thread finished: Config 3: Exp1 1-44
2026-06-05 09:07:26,247 INFO o.a.j.t.JMeterThread: Stopping: Config 3: Exp1 1-71
2026-06-05 09:07:26,247 INFO o.a.j.t.JMeterThread: Thread finished: Config 3: Exp1 1-58
2026-06-05 09:07:26,247 INFO o.a.j.t.JMeterThread: Stopping: Config 3: Exp1 1-100
2026-06-05 09:07:26,247 INFO o.a.j.t.JMeterThread: Stopping: Config 3: Exp1 1-21
2026-06-05 09:07:26,247 WARN o.a.j.t.JMeterThread: Interrupting: Config 3: Exp1 1-21 sampler: HTTP Request
2026-06-05 09:07:26,247 INFO o.a.j.t.JMeterThread: Thread started: Config 3: Exp1 1-71
2026-06-05 09:07:26,247 INFO o.a.j.t.JMeterThread: Thread started: Config 3: Exp1 1-100
2026-06-05 09:07:26,248 INFO o.a.j.t.JMeterThread: Thread finished: Config 3: Exp1 1-71
2026-06-05 09:07:26,248 INFO o.a.j.t.JMeterThread: Thread finished: Config 3: Exp1 1-100
2026-06-05 09:07:26,247 INFO o.a.j.t.JMeterThread: Thread started: Config 3: Exp1 1-59
2026-06-05 09:07:26,248 INFO o.a.j.t.JMeterThread: Stopping: Config 3: Exp1 1-3
2026-06-05 09:07:26,248 INFO o.a.j.t.JMeterThread: Thread finished: Config 3: Exp1 1-59
2026-06-05 09:07:26,248 WARN o.a.j.t.JMeterThread: Interrupting: Config 3: Exp1 1-3 sampler: HTTP Request
2026-06-05 09:07:26,248 INFO o.a.j.t.JMeterThread: Stopping: Config 3: Exp1 1-94
2026-06-05 09:07:26,248 INFO o.a.j.t.JMeterThread: Stopping: Config 3: Exp1 1-74
2026-06-05 09:07:26,248 INFO o.a.j.t.JMeterThread: Thread finished: Config 3: Exp1 1-21
2026-06-05 09:07:26,248 INFO o.a.j.t.JMeterThread: Stopping: Config 3: Exp1 1-23
2026-06-05 09:07:26,248 INFO o.a.j.t.JMeterThread: Thread finished: Config 3: Exp1 1-3
2026-06-05 09:07:26,248 INFO o.a.j.t.JMeterThread: Thread started: Config 3: Exp1 1-94
2026-06-05 09:07:26,248 WARN o.a.j.t.JMeterThread: Interrupting: Config 3: Exp1 1-23 sampler: HTTP Request
2026-06-05 09:07:26,248 INFO o.a.j.t.JMeterThread: Thread finished: Config 3: Exp1 1-94
2026-06-05 09:07:26,248 INFO o.a.j.t.JMeterThread: Thread started: Config 3: Exp1 1-74
2026-06-05 09:07:26,248 INFO o.a.j.t.JMeterThread: Stopping: Config 3: Exp1 1-34
2026-06-05 09:07:26,248 INFO o.a.j.t.JMeterThread: Thread finished: Config 3: Exp1 1-74
2026-06-05 09:07:26,248 WARN o.a.j.t.JMeterThread: Interrupting: Config 3: Exp1 1-34 sampler: HTTP Request
2026-06-05 09:07:26,248 INFO o.a.j.t.JMeterThread: Thread finished: Config 3: Exp1 1-23
2026-06-05 09:07:26,248 INFO o.a.j.t.JMeterThread: Stopping: Config 3: Exp1 1-96
2026-06-05 09:07:26,248 INFO o.a.j.t.JMeterThread: Thread finished: Config 3: Exp1 1-34
2026-06-05 09:07:26,248 INFO o.a.j.t.JMeterThread: Stopping: Config 3: Exp1 1-17
2026-06-05 09:07:26,248 WARN o.a.j.t.JMeterThread: Interrupting: Config 3: Exp1 1-17 sampler: HTTP Request
2026-06-05 09:07:26,248 INFO o.a.j.t.JMeterThread: Thread started: Config 3: Exp1 1-96
2026-06-05 09:07:26,248 INFO o.a.j.t.JMeterThread: Stopping: Config 3: Exp1 1-63
2026-06-05 09:07:26,248 INFO o.a.j.t.JMeterThread: Thread finished: Config 3: Exp1 1-96
2026-06-05 09:07:26,248 INFO o.a.j.t.JMeterThread: Stopping: Config 3: Exp1 1-89
2026-06-05 09:07:26,249 INFO o.a.j.t.JMeterThread: Thread finished: Config 3: Exp1 1-17
2026-06-05 09:07:26,249 INFO o.a.j.t.JMeterThread: Stopping: Config 3: Exp1 1-98
2026-06-05 09:07:26,249 INFO o.a.j.t.JMeterThread: Thread started: Config 3: Exp1 1-63
2026-06-05 09:07:26,249 INFO o.a.j.t.JMeterThread: Stopping: Config 3: Exp1 1-9
2026-06-05 09:07:26,249 INFO o.a.j.t.JMeterThread: Thread started: Config 3: Exp1 1-89
2026-06-05 09:07:26,249 WARN o.a.j.t.JMeterThread: Interrupting: Config 3: Exp1 1-9 sampler: HTTP Request
2026-06-05 09:07:26,249 INFO o.a.j.t.JMeterThread: Thread finished: Config 3: Exp1 1-63
2026-06-05 09:07:26,249 INFO o.a.j.t.JMeterThread: Thread started: Config 3: Exp1 1-98
2026-06-05 09:07:26,249 INFO o.a.j.t.JMeterThread: Thread finished: Config 3: Exp1 1-89
2026-06-05 09:07:26,249 INFO o.a.j.t.JMeterThread: Stopping: Config 3: Exp1 1-84
2026-06-05 09:07:26,249 INFO o.a.j.t.JMeterThread: Thread finished: Config 3: Exp1 1-98
2026-06-05 09:07:26,249 INFO o.a.j.t.JMeterThread: Stopping: Config 3: Exp1 1-60
2026-06-05 09:07:26,249 INFO o.a.j.t.JMeterThread: Thread finished: Config 3: Exp1 1-9
2026-06-05 09:07:26,249 INFO o.a.j.t.JMeterThread: Thread started: Config 3: Exp1 1-84
2026-06-05 09:07:26,249 INFO o.a.j.t.JMeterThread: Stopping: Config 3: Exp1 1-85
2026-06-05 09:07:26,249 INFO o.a.j.t.JMeterThread: Thread started: Config 3: Exp1 1-60
2026-06-05 09:07:26,249 INFO o.a.j.t.JMeterThread: Thread finished: Config 3: Exp1 1-84
2026-06-05 09:07:26,249 INFO o.a.j.t.JMeterThread: Stopping: Config 3: Exp1 1-37
2026-06-05 09:07:26,249 INFO o.a.j.t.JMeterThread: Thread finished: Config 3: Exp1 1-60
2026-06-05 09:07:26,249 WARN o.a.j.t.JMeterThread: Interrupting: Config 3: Exp1 1-37 sampler: HTTP Request
2026-06-05 09:07:26,249 INFO o.a.j.t.JMeterThread: Thread started: Config 3: Exp1 1-85
2026-06-05 09:07:26,249 INFO o.a.j.t.JMeterThread: Stopping: Config 3: Exp1 1-16
2026-06-05 09:07:26,249 WARN o.a.j.t.JMeterThread: Interrupting: Config 3: Exp1 1-16 sampler: HTTP Request
2026-06-05 09:07:26,249 INFO o.a.j.t.JMeterThread: Thread finished: Config 3: Exp1 1-37
2026-06-05 09:07:26,249 INFO o.a.j.t.JMeterThread: Thread finished: Config 3: Exp1 1-85
2026-06-05 09:07:26,249 INFO o.a.j.t.JMeterThread: Stopping: Config 3: Exp1 1-76
2026-06-05 09:07:26,249 INFO o.a.j.t.JMeterThread: Stopping: Config 3: Exp1 1-5
2026-06-05 09:07:26,249 WARN o.a.j.t.JMeterThread: Interrupting: Config 3: Exp1 1-5 sampler: HTTP Request
2026-06-05 09:07:26,249 INFO o.a.j.t.JMeterThread: Thread finished: Config 3: Exp1 1-16
2026-06-05 09:07:26,249 INFO o.a.j.t.JMeterThread: Thread started: Config 3: Exp1 1-76
2026-06-05 09:07:26,249 INFO o.a.j.t.JMeterThread: Thread finished: Config 3: Exp1 1-76
2026-06-05 09:07:26,250 INFO o.a.j.t.JMeterThread: Stopping: Config 3: Exp1 1-82
2026-06-05 09:07:26,250 INFO o.a.j.t.JMeterThread: Stopping: Config 3: Exp1 1-75
2026-06-05 09:07:26,250 INFO o.a.j.t.JMeterThread: Stopping: Config 3: Exp1 1-32
2026-06-05 09:07:26,250 WARN o.a.j.t.JMeterThread: Interrupting: Config 3: Exp1 1-32 sampler: HTTP Request
2026-06-05 09:07:26,250 INFO o.a.j.t.JMeterThread: Thread started: Config 3: Exp1 1-75
2026-06-05 09:07:26,250 INFO o.a.j.t.JMeterThread: Thread finished: Config 3: Exp1 1-5
2026-06-05 09:07:26,250 INFO o.a.j.t.JMeterThread: Thread started: Config 3: Exp1 1-82
2026-06-05 09:07:26,250 INFO o.a.j.t.JMeterThread: Stopping: Config 3: Exp1 1-33
2026-06-05 09:07:26,250 INFO o.a.j.t.JMeterThread: Thread finished: Config 3: Exp1 1-75
2026-06-05 09:07:26,250 INFO o.a.j.t.JMeterThread: Thread finished: Config 3: Exp1 1-32
2026-06-05 09:07:26,250 INFO o.a.j.t.JMeterThread: Thread finished: Config 3: Exp1 1-82
2026-06-05 09:07:26,250 WARN o.a.j.t.JMeterThread: Interrupting: Config 3: Exp1 1-33 sampler: HTTP Request
2026-06-05 09:07:26,250 INFO o.a.j.t.JMeterThread: Stopping: Config 3: Exp1 1-50
2026-06-05 09:07:26,250 WARN o.a.j.t.JMeterThread: Interrupting: Config 3: Exp1 1-50 sampler: HTTP Request
2026-06-05 09:07:26,250 INFO o.a.j.t.JMeterThread: Thread finished: Config 3: Exp1 1-33
2026-06-05 09:07:26,250 INFO o.a.j.t.JMeterThread: Stopping: Config 3: Exp1 1-7
2026-06-05 09:07:26,250 WARN o.a.j.t.JMeterThread: Interrupting: Config 3: Exp1 1-7 sampler: HTTP Request
2026-06-05 09:07:26,250 INFO o.a.j.t.JMeterThread: Thread finished: Config 3: Exp1 1-50
2026-06-05 09:07:26,250 INFO o.a.j.t.JMeterThread: Stopping: Config 3: Exp1 1-19
2026-06-05 09:07:26,250 WARN o.a.j.t.JMeterThread: Interrupting: Config 3: Exp1 1-19 sampler: HTTP Request
2026-06-05 09:07:26,250 INFO o.a.j.t.JMeterThread: Thread finished: Config 3: Exp1 1-7
2026-06-05 09:07:26,251 INFO o.a.j.t.JMeterThread: Stopping: Config 3: Exp1 1-87
2026-06-05 09:07:26,251 INFO o.a.j.t.JMeterThread: Stopping: Config 3: Exp1 1-68
2026-06-05 09:07:26,251 INFO o.a.j.t.JMeterThread: Stopping: Config 3: Exp1 1-27
2026-06-05 09:07:26,251 INFO o.a.j.t.JMeterThread: Thread finished: Config 3: Exp1 1-19
2026-06-05 09:07:26,251 INFO o.a.j.t.JMeterThread: Thread started: Config 3: Exp1 1-87
2026-06-05 09:07:26,251 WARN o.a.j.t.JMeterThread: Interrupting: Config 3: Exp1 1-27 sampler: HTTP Request
2026-06-05 09:07:26,251 INFO o.a.j.t.JMeterThread: Thread finished: Config 3: Exp1 1-87
2026-06-05 09:07:26,251 INFO o.a.j.t.JMeterThread: Thread started: Config 3: Exp1 1-68
2026-06-05 09:07:26,251 INFO o.a.j.t.JMeterThread: Thread finished: Config 3: Exp1 1-68
2026-06-05 09:07:26,251 INFO o.a.j.t.JMeterThread: Stopping: Config 3: Exp1 1-42
2026-06-05 09:07:26,251 WARN o.a.j.t.JMeterThread: Interrupting: Config 3: Exp1 1-42 sampler: HTTP Request
2026-06-05 09:07:26,251 INFO o.a.j.t.JMeterThread: Stopping: Config 3: Exp1 1-15
2026-06-05 09:07:26,251 INFO o.a.j.t.JMeterThread: Thread finished: Config 3: Exp1 1-27
2026-06-05 09:07:26,251 WARN o.a.j.t.JMeterThread: Interrupting: Config 3: Exp1 1-15 sampler: HTTP Request
2026-06-05 09:07:26,251 INFO o.a.j.t.JMeterThread: Thread finished: Config 3: Exp1 1-42
2026-06-05 09:07:26,251 INFO o.a.j.t.JMeterThread: Stopping: Config 3: Exp1 1-30
2026-06-05 09:07:26,251 WARN o.a.j.t.JMeterThread: Interrupting: Config 3: Exp1 1-30 sampler: HTTP Request
2026-06-05 09:07:26,251 INFO o.a.j.t.JMeterThread: Thread finished: Config 3: Exp1 1-15
2026-06-05 09:07:26,251 INFO o.a.j.t.JMeterThread: Stopping: Config 3: Exp1 1-69
2026-06-05 09:07:26,251 INFO o.a.j.t.JMeterThread: Stopping: Config 3: Exp1 1-83
2026-06-05 09:07:26,251 INFO o.a.j.t.JMeterThread: Stopping: Config 3: Exp1 1-10
2026-06-05 09:07:26,251 INFO o.a.j.t.JMeterThread: Thread finished: Config 3: Exp1 1-30
2026-06-05 09:07:26,251 WARN o.a.j.t.JMeterThread: Interrupting: Config 3: Exp1 1-10 sampler: HTTP Request
2026-06-05 09:07:26,251 INFO o.a.j.t.JMeterThread: Thread started: Config 3: Exp1 1-83
2026-06-05 09:07:26,251 INFO o.a.j.t.JMeterThread: Thread started: Config 3: Exp1 1-69
2026-06-05 09:07:26,251 INFO o.a.j.t.JMeterThread: Stopping: Config 3: Exp1 1-2
2026-06-05 09:07:26,251 INFO o.a.j.t.JMeterThread: Thread finished: Config 3: Exp1 1-83
2026-06-05 09:07:26,251 INFO o.a.j.t.JMeterThread: Thread finished: Config 3: Exp1 1-69
2026-06-05 09:07:26,251 WARN o.a.j.t.JMeterThread: Interrupting: Config 3: Exp1 1-2 sampler: HTTP Request
2026-06-05 09:07:26,251 INFO o.a.j.t.JMeterThread: Thread finished: Config 3: Exp1 1-10
2026-06-05 09:07:26,252 INFO o.a.j.t.JMeterThread: Stopping: Config 3: Exp1 1-80
2026-06-05 09:07:26,252 INFO o.a.j.t.JMeterThread: Stopping: Config 3: Exp1 1-31
2026-06-05 09:07:26,252 WARN o.a.j.t.JMeterThread: Interrupting: Config 3: Exp1 1-31 sampler: HTTP Request
2026-06-05 09:07:26,252 INFO o.a.j.t.JMeterThread: Thread started: Config 3: Exp1 1-80
2026-06-05 09:07:26,252 INFO o.a.j.t.JMeterThread: Thread finished: Config 3: Exp1 1-2
2026-06-05 09:07:26,252 INFO o.a.j.t.JMeterThread: Thread finished: Config 3: Exp1 1-80
2026-06-05 09:07:26,252 INFO o.a.j.t.JMeterThread: Stopping: Config 3: Exp1 1-4
2026-06-05 09:07:26,252 WARN o.a.j.t.JMeterThread: Interrupting: Config 3: Exp1 1-4 sampler: HTTP Request
2026-06-05 09:07:26,252 INFO o.a.j.t.JMeterThread: Thread finished: Config 3: Exp1 1-31
2026-06-05 09:07:26,252 INFO o.a.j.t.JMeterThread: Stopping: Config 3: Exp1 1-43
2026-06-05 09:07:26,252 WARN o.a.j.t.JMeterThread: Interrupting: Config 3: Exp1 1-43 sampler: HTTP Request
2026-06-05 09:07:26,252 INFO o.a.j.t.JMeterThread: Stopping: Config 3: Exp1 1-24
2026-06-05 09:07:26,252 INFO o.a.j.t.JMeterThread: Thread finished: Config 3: Exp1 1-4
2026-06-05 09:07:26,252 WARN o.a.j.t.JMeterThread: Interrupting: Config 3: Exp1 1-24 sampler: HTTP Request
2026-06-05 09:07:26,252 INFO o.a.j.t.JMeterThread: Thread finished: Config 3: Exp1 1-43
2026-06-05 09:07:26,252 INFO o.a.j.t.JMeterThread: Stopping: Config 3: Exp1 1-55
2026-06-05 09:07:26,252 INFO o.a.j.t.JMeterThread: Stopping: Config 3: Exp1 1-48
2026-06-05 09:07:26,252 WARN o.a.j.t.JMeterThread: Interrupting: Config 3: Exp1 1-48 sampler: HTTP Request
2026-06-05 09:07:26,252 INFO o.a.j.t.JMeterThread: Thread finished: Config 3: Exp1 1-24
2026-06-05 09:07:26,252 INFO o.a.j.t.JMeterThread: Thread started: Config 3: Exp1 1-55
2026-06-05 09:07:26,252 INFO o.a.j.t.JMeterThread: Stopping: Config 3: Exp1 1-65
2026-06-05 09:07:26,252 INFO o.a.j.t.JMeterThread: Stopping: Config 3: Exp1 1-52
2026-06-05 09:07:26,252 INFO o.a.j.t.JMeterThread: Thread finished: Config 3: Exp1 1-55
2026-06-05 09:07:26,252 WARN o.a.j.t.JMeterThread: Interrupting: Config 3: Exp1 1-52 sampler: HTTP Request
2026-06-05 09:07:26,252 INFO o.a.j.t.JMeterThread: Thread started: Config 3: Exp1 1-65
2026-06-05 09:07:26,252 INFO o.a.j.t.JMeterThread: Thread finished: Config 3: Exp1 1-65
2026-06-05 09:07:26,252 INFO o.a.j.t.JMeterThread: Stopping: Config 3: Exp1 1-79
2026-06-05 09:07:26,252 INFO o.a.j.t.JMeterThread: Thread finished: Config 3: Exp1 1-48
2026-06-05 09:07:26,252 INFO o.a.j.t.JMeterThread: Stopping: Config 3: Exp1 1-95
2026-06-05 09:07:26,252 INFO o.a.j.t.JMeterThread: Stopping: Config 3: Exp1 1-92
2026-06-05 09:07:26,252 INFO o.a.j.t.JMeterThread: Thread started: Config 3: Exp1 1-79
2026-06-05 09:07:26,253 INFO o.a.j.t.JMeterThread: Thread finished: Config 3: Exp1 1-52
2026-06-05 09:07:26,253 INFO o.a.j.t.JMeterThread: Stopping: Config 3: Exp1 1-38
2026-06-05 09:07:26,253 INFO o.a.j.t.JMeterThread: Thread finished: Config 3: Exp1 1-79
2026-06-05 09:07:26,253 WARN o.a.j.t.JMeterThread: Interrupting: Config 3: Exp1 1-38 sampler: HTTP Request
2026-06-05 09:07:26,253 INFO o.a.j.t.JMeterThread: Thread started: Config 3: Exp1 1-92
2026-06-05 09:07:26,253 INFO o.a.j.t.JMeterThread: Thread started: Config 3: Exp1 1-95
2026-06-05 09:07:26,253 INFO o.a.j.t.JMeterThread: Stopping: Config 3: Exp1 1-57
2026-06-05 09:07:26,253 INFO o.a.j.t.JMeterThread: Thread finished: Config 3: Exp1 1-95
2026-06-05 09:07:26,253 INFO o.a.j.t.JMeterThread: Stopping: Config 3: Exp1 1-1
2026-06-05 09:07:26,253 INFO o.a.j.t.JMeterThread: Thread finished: Config 3: Exp1 1-92
2026-06-05 09:07:26,253 WARN o.a.j.t.JMeterThread: Interrupting: Config 3: Exp1 1-1 sampler: HTTP Request
2026-06-05 09:07:26,253 INFO o.a.j.t.JMeterThread: Thread finished: Config 3: Exp1 1-38
2026-06-05 09:07:26,253 INFO o.a.j.t.JMeterThread: Stopping: Config 3: Exp1 1-66
2026-06-05 09:07:26,253 INFO o.a.j.t.JMeterThread: Thread started: Config 3: Exp1 1-57
2026-06-05 09:07:26,253 INFO o.a.j.t.JMeterThread: Stopping: Config 3: Exp1 1-51
2026-06-05 09:07:26,253 WARN o.a.j.t.JMeterThread: Interrupting: Config 3: Exp1 1-51 sampler: HTTP Request
2026-06-05 09:07:26,253 INFO o.a.j.t.JMeterThread: Thread finished: Config 3: Exp1 1-57
2026-06-05 09:07:26,253 INFO o.a.j.t.JMeterThread: Thread started: Config 3: Exp1 1-66
2026-06-05 09:07:26,253 INFO o.a.j.t.JMeterThread: Thread finished: Config 3: Exp1 1-1
2026-06-05 09:07:26,253 INFO o.a.j.t.JMeterThread: Thread finished: Config 3: Exp1 1-66
2026-06-05 09:07:26,253 INFO o.a.j.t.JMeterThread: Stopping: Config 3: Exp1 1-26
2026-06-05 09:07:26,253 INFO o.a.j.t.JMeterThread: Stopping: Config 3: Exp1 1-72
2026-06-05 09:07:26,253 INFO o.a.j.t.JMeterThread: Stopping: Config 3: Exp1 1-13
2026-06-05 09:07:26,253 WARN o.a.j.t.JMeterThread: The delay timer was interrupted - probably did not wait as long as intended.
2026-06-05 09:07:26,253 WARN o.a.j.t.JMeterThread: Interrupting: Config 3: Exp1 1-13 sampler: HTTP Request
2026-06-05 09:07:26,253 INFO o.a.j.t.JMeterThread: Thread started: Config 3: Exp1 1-72
2026-06-05 09:07:26,253 INFO o.a.j.t.JMeterThread: Thread finished: Config 3: Exp1 1-26
2026-06-05 09:07:26,253 INFO o.a.j.t.JMeterThread: Thread finished: Config 3: Exp1 1-72
2026-06-05 09:07:26,253 INFO o.a.j.t.JMeterThread: Stopping: Config 3: Exp1 1-53
2026-06-05 09:07:26,253 INFO o.a.j.t.JMeterThread: Thread finished: Config 3: Exp1 1-51
2026-06-05 09:07:26,253 WARN o.a.j.t.JMeterThread: Interrupting: Config 3: Exp1 1-53 sampler: HTTP Request
2026-06-05 09:07:26,253 INFO o.a.j.t.JMeterThread: Thread finished: Config 3: Exp1 1-13
2026-06-05 09:07:26,253 INFO o.a.j.t.JMeterThread: Thread finished: Config 3: Exp1 1-53
2026-06-05 09:07:26,254 INFO o.a.j.e.StandardJMeterEngine: Notifying test listeners of end of test
2026-06-05 09:07:26,254 INFO o.a.j.g.u.JMeterMenuBar: setRunning(false, *local*)
