2026-06-05 08:59:45,534 INFO o.a.j.u.JMeterUtils: Setting Locale to en_EN
2026-06-05 08:59:45,543 INFO o.a.j.JMeter: Loading user properties from: /opt/homebrew/Cellar/jmeter/5.6.3/libexec/bin/user.properties
2026-06-05 08:59:45,543 INFO o.a.j.JMeter: Loading system properties from: /opt/homebrew/Cellar/jmeter/5.6.3/libexec/bin/system.properties
2026-06-05 08:59:45,545 INFO o.a.j.JMeter: Copyright (c) 1998-2024 The Apache Software Foundation
2026-06-05 08:59:45,545 INFO o.a.j.JMeter: Version 5.6.3
2026-06-05 08:59:45,545 INFO o.a.j.JMeter: java.version=21.0.10
2026-06-05 08:59:45,545 INFO o.a.j.JMeter: java.vm.name=OpenJDK 64-Bit Server VM
2026-06-05 08:59:45,545 INFO o.a.j.JMeter: os.name=Mac OS X
2026-06-05 08:59:45,545 INFO o.a.j.JMeter: os.arch=aarch64
2026-06-05 08:59:45,545 INFO o.a.j.JMeter: os.version=26.5.1
2026-06-05 08:59:45,545 INFO o.a.j.JMeter: file.encoding=UTF-8
2026-06-05 08:59:45,545 INFO o.a.j.JMeter: java.awt.headless=true
2026-06-05 08:59:45,545 INFO o.a.j.JMeter: Max memory     =1073741824
2026-06-05 08:59:45,545 INFO o.a.j.JMeter: Available Processors =12
2026-06-05 08:59:45,549 INFO o.a.j.JMeter: Default Locale=English (EN)
2026-06-05 08:59:45,549 INFO o.a.j.JMeter: JMeter  Locale=English (EN)
2026-06-05 08:59:45,549 INFO o.a.j.JMeter: JMeterHome=/opt/homebrew/Cellar/jmeter/5.6.3/libexec
2026-06-05 08:59:45,549 INFO o.a.j.JMeter: user.dir  =/Users/kkotlyarenko/Documents/ITMO/3 course/ТПО/lab4
2026-06-05 08:59:45,549 INFO o.a.j.JMeter: PWD       =/Users/kkotlyarenko/Documents/ITMO/3 course/ТПО/lab4
2026-06-05 08:59:45,552 INFO o.a.j.JMeter: IP: 127.0.0.1 Name: MacBook-Pro-Kirill-7.local FullName: localhost
2026-06-05 08:59:45,556 INFO o.a.j.JMeter: Setting property 'jmeter.reportgenerator.outputdir' to:'/Users/kkotlyarenko/Documents/ITMO/3 course/ТПО/lab4/load/report'
2026-06-05 08:59:45,558 INFO o.a.j.s.FileServer: Default base='/Users/kkotlyarenko/Documents/ITMO/3 course/ТПО/lab4'
2026-06-05 08:59:45,558 INFO o.a.j.s.FileServer: Set new base='/Users/kkotlyarenko/Documents/ITMO/3 course/ТПО/lab4/jmeter'
2026-06-05 08:59:45,624 INFO o.a.j.s.SaveService: Testplan (JMX) version: 2.2. Testlog (JTL) version: 2.2
2026-06-05 08:59:45,637 INFO o.a.j.s.SaveService: Using SaveService properties version 5.0
2026-06-05 08:59:45,637 INFO o.a.j.s.SaveService: Using SaveService properties file encoding UTF-8
2026-06-05 08:59:45,639 INFO o.a.j.s.SaveService: Loading file: /Users/kkotlyarenko/Documents/ITMO/3 course/ТПО/lab4/jmeter/Load test.jmx
2026-06-05 08:59:45,660 INFO o.a.j.p.h.s.HTTPSamplerBase: Parser for text/html is org.apache.jmeter.protocol.http.parser.LagartoBasedHtmlParser
2026-06-05 08:59:45,660 INFO o.a.j.p.h.s.HTTPSamplerBase: Parser for application/xhtml+xml is org.apache.jmeter.protocol.http.parser.LagartoBasedHtmlParser
2026-06-05 08:59:45,660 INFO o.a.j.p.h.s.HTTPSamplerBase: Parser for application/xml is org.apache.jmeter.protocol.http.parser.LagartoBasedHtmlParser
2026-06-05 08:59:45,660 INFO o.a.j.p.h.s.HTTPSamplerBase: Parser for text/xml is org.apache.jmeter.protocol.http.parser.LagartoBasedHtmlParser
2026-06-05 08:59:45,660 INFO o.a.j.p.h.s.HTTPSamplerBase: Parser for text/vnd.wap.wml is org.apache.jmeter.protocol.http.parser.RegexpHTMLParser
2026-06-05 08:59:45,660 INFO o.a.j.p.h.s.HTTPSamplerBase: Parser for text/css is org.apache.jmeter.protocol.http.parser.CssParser
2026-06-05 08:59:45,676 INFO o.a.j.JMeter: Creating summariser <summary>
2026-06-05 08:59:45,678 INFO o.a.j.r.d.ReportGenerator: ReportGenerator will use for Parsing the separator: ','
2026-06-05 08:59:45,678 INFO o.a.j.r.d.ReportGenerator: Will generate report at end of test from  results file: /Users/kkotlyarenko/Documents/ITMO/3 course/ТПО/lab4/load/results.jtl
2026-06-05 08:59:45,678 INFO o.a.j.r.d.ReportGenerator: Reading report generator properties from: /opt/homebrew/Cellar/jmeter/5.6.3/libexec/bin/reportgenerator.properties
2026-06-05 08:59:45,678 INFO o.a.j.r.d.ReportGenerator: Merging with JMeter properties
2026-06-05 08:59:45,680 INFO o.a.j.r.c.ReportGeneratorConfiguration: Property 'jmeter.reportgenerator.temp_dir' not found, using default value 'temp' instead.
2026-06-05 08:59:45,680 INFO o.a.j.r.c.ReportGeneratorConfiguration: Property 'jmeter.reportgenerator.apdex_per_transaction' not found, using default value 'null' instead.
2026-06-05 08:59:45,680 INFO o.a.j.r.c.ReportGeneratorConfiguration: apdex_per_transaction is empty, not APDEX per transaction customization
2026-06-05 08:59:45,680 INFO o.a.j.r.c.ReportGeneratorConfiguration: Property 'jmeter.reportgenerator.sample_filter' not found, using default value 'null' instead.
2026-06-05 08:59:45,680 INFO o.a.j.r.c.ReportGeneratorConfiguration: Property 'jmeter.reportgenerator.report_title' not found, using default value 'null' instead.
2026-06-05 08:59:45,681 INFO o.a.j.r.c.ReportGeneratorConfiguration: Property 'jmeter.reportgenerator.start_date' not found, using default value 'null' instead.
2026-06-05 08:59:45,681 INFO o.a.j.r.c.ReportGeneratorConfiguration: Property 'jmeter.reportgenerator.end_date' not found, using default value 'null' instead.
2026-06-05 08:59:45,681 INFO o.a.j.r.c.ReportGeneratorConfiguration: Property 'jmeter.reportgenerator.date_format' not found, using default value 'null' instead.
2026-06-05 08:59:45,681 INFO o.a.j.r.c.ReportGeneratorConfiguration: Will use date range start date: null, end date: null
2026-06-05 08:59:45,682 INFO o.a.j.r.c.ReportGeneratorConfiguration: Property 'jmeter.reportgenerator.graph.totalTPS.exclude_controllers' not found, using default value 'false' instead.
2026-06-05 08:59:45,682 INFO o.a.j.r.c.ReportGeneratorConfiguration: Property 'jmeter.reportgenerator.graph.activeThreadsOverTime.exclude_controllers' not found, using default value 'false' instead.
2026-06-05 08:59:45,682 INFO o.a.j.r.c.ReportGeneratorConfiguration: Property 'jmeter.reportgenerator.graph.timeVsThreads.exclude_controllers' not found, using default value 'false' instead.
2026-06-05 08:59:45,682 INFO o.a.j.r.c.ReportGeneratorConfiguration: Property 'jmeter.reportgenerator.graph.responseTimeDistribution.exclude_controllers' not found, using default value 'false' instead.
2026-06-05 08:59:45,682 INFO o.a.j.r.c.ReportGeneratorConfiguration: Property 'jmeter.reportgenerator.graph.transactionsPerSecond.exclude_controllers' not found, using default value 'false' instead.
2026-06-05 08:59:45,682 INFO o.a.j.r.c.ReportGeneratorConfiguration: Property 'jmeter.reportgenerator.graph.responseTimePercentiles.exclude_controllers' not found, using default value 'false' instead.
2026-06-05 08:59:45,682 INFO o.a.j.r.c.ReportGeneratorConfiguration: Property 'jmeter.reportgenerator.graph.responseTimePercentilesOverTime.exclude_controllers' not found, using default value 'false' instead.
2026-06-05 08:59:45,683 INFO o.a.j.r.c.ReportGeneratorConfiguration: Property 'jmeter.reportgenerator.graph.responseTimesOverTime.exclude_controllers' not found, using default value 'false' instead.
2026-06-05 08:59:45,683 INFO o.a.j.r.c.ReportGeneratorConfiguration: Property 'jmeter.reportgenerator.graph.connectTimeOverTime.exclude_controllers' not found, using default value 'false' instead.
2026-06-05 08:59:45,683 INFO o.a.j.r.c.ReportGeneratorConfiguration: Property 'jmeter.reportgenerator.graph.latenciesOverTime.exclude_controllers' not found, using default value 'false' instead.
2026-06-05 08:59:45,683 INFO o.a.j.r.c.ReportGeneratorConfiguration: Property 'jmeter.reportgenerator.exporter.json.filters_only_sample_series' not found, using default value 'true' instead.
2026-06-05 08:59:45,683 INFO o.a.j.r.c.ReportGeneratorConfiguration: Property 'jmeter.reportgenerator.exporter.json.series_filter' not found, using default value '' instead.
2026-06-05 08:59:45,683 INFO o.a.j.r.c.ReportGeneratorConfiguration: Property 'jmeter.reportgenerator.exporter.json.show_controllers_only' not found, using default value 'false' instead.
2026-06-05 08:59:45,683 INFO o.a.j.r.c.ReportGeneratorConfiguration: Property 'jmeter.reportgenerator.exporter.html.filters_only_sample_series' not found, using default value 'true' instead.
2026-06-05 08:59:45,683 INFO o.a.j.r.c.ReportGeneratorConfiguration: Property 'jmeter.reportgenerator.exporter.html.series_filter' not found, using default value '' instead.
2026-06-05 08:59:45,683 INFO o.a.j.r.c.ReportGeneratorConfiguration: Property 'jmeter.reportgenerator.exporter.html.show_controllers_only' not found, using default value 'false' instead.
2026-06-05 08:59:45,688 INFO o.a.j.e.StandardJMeterEngine: Running the test!
2026-06-05 08:59:45,688 INFO o.a.j.s.SampleEvent: List of sample_variables: []
2026-06-05 08:59:45,688 INFO o.a.j.s.SampleEvent: List of sample_variables: []
2026-06-05 08:59:45,690 INFO o.a.j.e.u.CompoundVariable: Note: Function class names must contain the string: '.functions.'
2026-06-05 08:59:45,690 INFO o.a.j.e.u.CompoundVariable: Note: Function class names must not contain the string: '.gui.'
2026-06-05 08:59:45,713 INFO o.a.j.r.ClassFinder: Will scan jar /opt/homebrew/Cellar/jmeter/5.6.3/libexec/lib/ext/jmeter-plugins-manager-1.9.jar with filter ExtendsClassFilter [parents=[interface org.apache.jmeter.functions.Function], inner=false, contains=null, notContains=null]. Consider exposing JMeter plugins via META-INF/services, and add JMeter-Skip-Class-Scanning=true manifest attribute so JMeter can skip classfile scanning
2026-06-05 08:59:45,750 INFO o.a.j.JMeter: Running test (1780639185750)
2026-06-05 08:59:45,757 INFO o.a.j.e.StandardJMeterEngine: Starting ThreadGroup: 1 : Config 1  ($ 1800)
2026-06-05 08:59:45,758 INFO o.a.j.e.StandardJMeterEngine: Starting 9 threads for group Config 1  ($ 1800).
2026-06-05 08:59:45,758 INFO o.a.j.e.StandardJMeterEngine: Thread will continue on error
2026-06-05 08:59:45,758 INFO o.a.j.t.ThreadGroup: Starting thread group... number=1 threads=9 ramp-up=60 delayedStart=false
2026-06-05 08:59:45,760 INFO o.a.j.t.JMeterThread: Thread started: Config 1  ($ 1800) 1-1
2026-06-05 08:59:45,760 INFO o.a.j.t.ThreadGroup: Started thread group number 1
2026-06-05 08:59:45,761 INFO o.a.j.e.StandardJMeterEngine: Starting ThreadGroup: 2 : Config 2 ($ 3300)
2026-06-05 08:59:45,761 INFO o.a.j.e.StandardJMeterEngine: Starting 9 threads for group Config 2 ($ 3300).
2026-06-05 08:59:45,761 INFO o.a.j.e.StandardJMeterEngine: Thread will continue on error
2026-06-05 08:59:45,761 INFO o.a.j.t.ThreadGroup: Starting thread group... number=2 threads=9 ramp-up=60 delayedStart=false
2026-06-05 08:59:45,761 INFO o.a.j.t.JMeterThread: Thread started: Config 2 ($ 3300) 2-1
2026-06-05 08:59:45,762 INFO o.a.j.t.ThreadGroup: Started thread group number 2
2026-06-05 08:59:45,762 INFO o.a.j.e.StandardJMeterEngine: Starting ThreadGroup: 3 : Config 3 ($ 4700)
2026-06-05 08:59:45,762 INFO o.a.j.e.StandardJMeterEngine: Starting 9 threads for group Config 3 ($ 4700).
2026-06-05 08:59:45,762 INFO o.a.j.e.StandardJMeterEngine: Thread will continue on error
2026-06-05 08:59:45,762 INFO o.a.j.t.ThreadGroup: Starting thread group... number=3 threads=9 ramp-up=60 delayedStart=false
2026-06-05 08:59:45,762 INFO o.a.j.t.JMeterThread: Thread started: Config 3 ($ 4700) 3-1
2026-06-05 08:59:45,763 INFO o.a.j.t.ThreadGroup: Started thread group number 3
2026-06-05 08:59:45,763 INFO o.a.j.e.StandardJMeterEngine: All thread groups have been started
2026-06-05 08:59:45,782 INFO o.a.j.p.h.s.HTTPHCAbstractImpl: Local host = MacBook-Pro-Kirill-7.local
2026-06-05 08:59:45,784 INFO o.a.j.p.h.s.HTTPHC4Impl: HTTP request retry count = 0
2026-06-05 08:59:45,785 INFO o.a.j.s.SampleResult: Note: Sample TimeStamps are START times
2026-06-05 08:59:45,785 INFO o.a.j.s.SampleResult: sampleresult.default.encoding is set to UTF-8
2026-06-05 08:59:45,785 INFO o.a.j.s.SampleResult: sampleresult.useNanoTime=true
2026-06-05 08:59:45,785 INFO o.a.j.s.SampleResult: sampleresult.nanoThreadSleep=5000
2026-06-05 08:59:52,431 INFO o.a.j.t.JMeterThread: Thread started: Config 1  ($ 1800) 1-2
2026-06-05 08:59:52,433 INFO o.a.j.t.JMeterThread: Thread started: Config 2 ($ 3300) 2-2
2026-06-05 08:59:52,435 INFO o.a.j.t.JMeterThread: Thread started: Config 3 ($ 4700) 3-2
2026-06-05 08:59:52,726 INFO o.a.j.r.ResultCollector: Shutdown hook started
2026-06-05 08:59:52,728 INFO o.a.j.r.ResultCollector: Shutdown hook ended
